==62413== Memcheck, a memory error detector
==62413== Copyright (C) 2002-2017, and GNU GPL'd, by Julian Seward et al.
==62413== Using Valgrind-3.17.0.GIT and LibVEX; rerun with -h for copyright info
==62413== Command: /Users/ilmira/Desktop/json-c/tests/test_deep_copy /Users/ilmira/Desktop/json-c/tests
==62413== Parent PID: 62394
==62413== 
--62413-- run: /usr/bin/dsymutil "/Users/ilmira/Desktop/json-c/tests/test_deep_copy"
==62413== 
==62413== HEAP SUMMARY:
==62413==     in use at exit: 18,075 bytes in 163 blocks
==62413==   total heap usage: 875 allocs, 712 frees, 110,215 bytes allocated
==62413== 
==62413== 2,048 bytes in 1 blocks are still reachable in loss record 35 of 38
==62413==    at 0x100123545: malloc (in /Users/ilmira/.brew/Cellar/valgrind/HEAD-6049595/lib/valgrind/vgpreload_memcheck-amd64-darwin.so)
==62413==    by 0x100729079: objc::DenseMap<char const*, objc::detail::DenseSetEmpty, objc::DenseMapValueInfo<objc::detail::DenseSetEmpty>, objc::DenseMapInfo<char const*>, objc::detail::DenseSetPair<char const*> >::grow(unsigned int) (in /usr/lib/libobjc.A.dylib)
==62413==    by 0x10072900D: objc::detail::DenseSetPair<char const*>* objc::DenseMapBase<objc::DenseMap<char const*, objc::detail::DenseSetEmpty, objc::DenseMapValueInfo<objc::detail::DenseSetEmpty>, objc::DenseMapInfo<char const*>, objc::detail::DenseSetPair<char const*> >, char const*, objc::detail::DenseSetEmpty, objc::DenseMapValueInfo<objc::detail::DenseSetEmpty>, objc::DenseMapInfo<char const*>, objc::detail::DenseSetPair<char const*> >::InsertIntoBucketImpl<char const*>(char const* const&, char const* const&, objc::detail::DenseSetPair<char const*>*) (in /usr/lib/libobjc.A.dylib)
==62413==    by 0x10072CEC1: __sel_registerName(char const*, bool, bool) (in /usr/lib/libobjc.A.dylib)
==62413==    by 0x10071AD4B: fixupMethodList(method_list_t*, bool, bool) (in /usr/lib/libobjc.A.dylib)
==62413==    by 0x100710835: prepareMethodLists(objc_class*, method_list_t**, int, bool, bool) (in /usr/lib/libobjc.A.dylib)
==62413==    by 0x10072307C: realizeClassWithoutSwift(objc_class*, objc_class*) (in /usr/lib/libobjc.A.dylib)
==62413==    by 0x100722B7B: realizeClassWithoutSwift(objc_class*, objc_class*) (in /usr/lib/libobjc.A.dylib)
==62413==    by 0x100722B54: realizeClassWithoutSwift(objc_class*, objc_class*) (in /usr/lib/libobjc.A.dylib)
==62413==    by 0x100722B54: realizeClassWithoutSwift(objc_class*, objc_class*) (in /usr/lib/libobjc.A.dylib)
==62413==    by 0x100722B54: realizeClassWithoutSwift(objc_class*, objc_class*) (in /usr/lib/libobjc.A.dylib)
==62413==    by 0x10070EA1E: map_images_nolock (in /usr/lib/libobjc.A.dylib)
==62413== 
==62413== LEAK SUMMARY:
==62413==    definitely lost: 0 bytes in 0 blocks
==62413==    indirectly lost: 0 bytes in 0 blocks
==62413==      possibly lost: 0 bytes in 0 blocks
==62413==    still reachable: 2,048 bytes in 1 blocks
==62413==         suppressed: 16,027 bytes in 162 blocks
==62413== 
==62413== For lists of detected and suppressed errors, rerun with: -s
==62413== ERROR SUMMARY: 0 errors from 0 contexts (suppressed: 7 from 7)
