==61959== Memcheck, a memory error detector
==61959== Copyright (C) 2002-2017, and GNU GPL'd, by Julian Seward et al.
==61959== Using Valgrind-3.17.0.GIT and LibVEX; rerun with -h for copyright info
==61959== Command: /Users/ilmira/Desktop/json-c/tests/test4 /Users/ilmira/Desktop/json-c/tests
==61959== Parent PID: 61924
==61959== 
--61959-- run: /usr/bin/dsymutil "/Users/ilmira/Desktop/json-c/tests/test4"
==61959== 
==61959== HEAP SUMMARY:
==61959==     in use at exit: 18,075 bytes in 163 blocks
==61959==   total heap usage: 1,208 allocs, 1,045 frees, 152,511 bytes allocated
==61959== 
==61959== 2,048 bytes in 1 blocks are still reachable in loss record 35 of 38
==61959==    at 0x100123545: malloc (in /Users/ilmira/.brew/Cellar/valgrind/HEAD-6049595/lib/valgrind/vgpreload_memcheck-amd64-darwin.so)
==61959==    by 0x100729079: objc::DenseMap<char const*, objc::detail::DenseSetEmpty, objc::DenseMapValueInfo<objc::detail::DenseSetEmpty>, objc::DenseMapInfo<char const*>, objc::detail::DenseSetPair<char const*> >::grow(unsigned int) (in /usr/lib/libobjc.A.dylib)
==61959==    by 0x10072900D: objc::detail::DenseSetPair<char const*>* objc::DenseMapBase<objc::DenseMap<char const*, objc::detail::DenseSetEmpty, objc::DenseMapValueInfo<objc::detail::DenseSetEmpty>, objc::DenseMapInfo<char const*>, objc::detail::DenseSetPair<char const*> >, char const*, objc::detail::DenseSetEmpty, objc::DenseMapValueInfo<objc::detail::DenseSetEmpty>, objc::DenseMapInfo<char const*>, objc::detail::DenseSetPair<char const*> >::InsertIntoBucketImpl<char const*>(char const* const&, char const* const&, objc::detail::DenseSetPair<char const*>*) (in /usr/lib/libobjc.A.dylib)
==61959==    by 0x10072CEC1: __sel_registerName(char const*, bool, bool) (in /usr/lib/libobjc.A.dylib)
==61959==    by 0x10071AD4B: fixupMethodList(method_list_t*, bool, bool) (in /usr/lib/libobjc.A.dylib)
==61959==    by 0x100710835: prepareMethodLists(objc_class*, method_list_t**, int, bool, bool) (in /usr/lib/libobjc.A.dylib)
==61959==    by 0x10072307C: realizeClassWithoutSwift(objc_class*, objc_class*) (in /usr/lib/libobjc.A.dylib)
==61959==    by 0x100722B7B: realizeClassWithoutSwift(objc_class*, objc_class*) (in /usr/lib/libobjc.A.dylib)
==61959==    by 0x100722B54: realizeClassWithoutSwift(objc_class*, objc_class*) (in /usr/lib/libobjc.A.dylib)
==61959==    by 0x100722B54: realizeClassWithoutSwift(objc_class*, objc_class*) (in /usr/lib/libobjc.A.dylib)
==61959==    by 0x100722B54: realizeClassWithoutSwift(objc_class*, objc_class*) (in /usr/lib/libobjc.A.dylib)
==61959==    by 0x10070EA1E: map_images_nolock (in /usr/lib/libobjc.A.dylib)
==61959== 
==61959== LEAK SUMMARY:
==61959==    definitely lost: 0 bytes in 0 blocks
==61959==    indirectly lost: 0 bytes in 0 blocks
==61959==      possibly lost: 0 bytes in 0 blocks
==61959==    still reachable: 2,048 bytes in 1 blocks
==61959==         suppressed: 16,027 bytes in 162 blocks
==61959== 
==61959== For lists of detected and suppressed errors, rerun with: -s
==61959== ERROR SUMMARY: 0 errors from 0 contexts (suppressed: 7 from 7)
