==63446== Memcheck, a memory error detector
==63446== Copyright (C) 2002-2017, and GNU GPL'd, by Julian Seward et al.
==63446== Using Valgrind-3.17.0.GIT and LibVEX; rerun with -h for copyright info
==63446== Command: /Users/ilmira/Desktop/json-c/tests/test_set_serializer /Users/ilmira/Desktop/json-c/tests
==63446== Parent PID: 63431
==63446== 
--63446-- run: /usr/bin/dsymutil "/Users/ilmira/Desktop/json-c/tests/test_set_serializer"
==63446== 
==63446== HEAP SUMMARY:
==63446==     in use at exit: 18,223 bytes in 166 blocks
==63446==   total heap usage: 202 allocs, 36 frees, 25,664 bytes allocated
==63446== 
==63446== 32 bytes in 1 blocks are still reachable in loss record 14 of 41
==63446==    at 0x100123545: malloc (in /Users/ilmira/.brew/Cellar/valgrind/HEAD-6049595/lib/valgrind/vgpreload_memcheck-amd64-darwin.so)
==63446==    by 0x1003C371F: __Balloc_D2A (in /usr/lib/system/libsystem_c.dylib)
==63446==    by 0x1003C088D: __rv_alloc_D2A (in /usr/lib/system/libsystem_c.dylib)
==63446==    by 0x1003C0D93: __dtoa (in /usr/lib/system/libsystem_c.dylib)
==63446==    by 0x1003E72DD: __vfprintf (in /usr/lib/system/libsystem_c.dylib)
==63446==    by 0x10040DAD2: __v2printf (in /usr/lib/system/libsystem_c.dylib)
==63446==    by 0x1003F3EE6: _vsnprintf (in /usr/lib/system/libsystem_c.dylib)
==63446==    by 0x1003F3F8F: vsnprintf (in /usr/lib/system/libsystem_c.dylib)
==63446==    by 0x1004224B7: __snprintf_chk (in /usr/lib/system/libsystem_c.dylib)
==63446==    by 0x100135A02: json_object_double_to_json_string_format (json_object.c:1044)
==63446==    by 0x100135680: json_object_double_to_json_string (json_object.c:1107)
==63446==    by 0x100133DA3: json_object_object_to_json_string (json_object.c:528)
==63446== 
==63446== 36 bytes in 1 blocks are still reachable in loss record 15 of 41
==63446==    at 0x100123545: malloc (in /Users/ilmira/.brew/Cellar/valgrind/HEAD-6049595/lib/valgrind/vgpreload_memcheck-amd64-darwin.so)
==63446==    by 0x1003C371F: __Balloc_D2A (in /usr/lib/system/libsystem_c.dylib)
==63446==    by 0x1003C3EFC: __d2b_D2A (in /usr/lib/system/libsystem_c.dylib)
==63446==    by 0x1003C0B61: __dtoa (in /usr/lib/system/libsystem_c.dylib)
==63446==    by 0x1003E72DD: __vfprintf (in /usr/lib/system/libsystem_c.dylib)
==63446==    by 0x10040DAD2: __v2printf (in /usr/lib/system/libsystem_c.dylib)
==63446==    by 0x1003F3EE6: _vsnprintf (in /usr/lib/system/libsystem_c.dylib)
==63446==    by 0x1003F3F8F: vsnprintf (in /usr/lib/system/libsystem_c.dylib)
==63446==    by 0x1004224B7: __snprintf_chk (in /usr/lib/system/libsystem_c.dylib)
==63446==    by 0x100135A02: json_object_double_to_json_string_format (json_object.c:1044)
==63446==    by 0x100135680: json_object_double_to_json_string (json_object.c:1107)
==63446==    by 0x100133DA3: json_object_object_to_json_string (json_object.c:528)
==63446== 
==63446== 80 bytes in 1 blocks are still reachable in loss record 21 of 41
==63446==    at 0x100123545: malloc (in /Users/ilmira/.brew/Cellar/valgrind/HEAD-6049595/lib/valgrind/vgpreload_memcheck-amd64-darwin.so)
==63446==    by 0x1003C369F: __Balloc_D2A (in /usr/lib/system/libsystem_c.dylib)
==63446==    by 0x1003C3EFC: __d2b_D2A (in /usr/lib/system/libsystem_c.dylib)
==63446==    by 0x1003C0B61: __dtoa (in /usr/lib/system/libsystem_c.dylib)
==63446==    by 0x1003E72DD: __vfprintf (in /usr/lib/system/libsystem_c.dylib)
==63446==    by 0x10040DAD2: __v2printf (in /usr/lib/system/libsystem_c.dylib)
==63446==    by 0x1003F3EE6: _vsnprintf (in /usr/lib/system/libsystem_c.dylib)
==63446==    by 0x1003F3F8F: vsnprintf (in /usr/lib/system/libsystem_c.dylib)
==63446==    by 0x1004224B7: __snprintf_chk (in /usr/lib/system/libsystem_c.dylib)
==63446==    by 0x100135A02: json_object_double_to_json_string_format (json_object.c:1044)
==63446==    by 0x100135680: json_object_double_to_json_string (json_object.c:1107)
==63446==    by 0x100133DA3: json_object_object_to_json_string (json_object.c:528)
==63446== 
==63446== 2,048 bytes in 1 blocks are still reachable in loss record 38 of 41
==63446==    at 0x100123545: malloc (in /Users/ilmira/.brew/Cellar/valgrind/HEAD-6049595/lib/valgrind/vgpreload_memcheck-amd64-darwin.so)
==63446==    by 0x100729079: objc::DenseMap<char const*, objc::detail::DenseSetEmpty, objc::DenseMapValueInfo<objc::detail::DenseSetEmpty>, objc::DenseMapInfo<char const*>, objc::detail::DenseSetPair<char const*> >::grow(unsigned int) (in /usr/lib/libobjc.A.dylib)
==63446==    by 0x10072900D: objc::detail::DenseSetPair<char const*>* objc::DenseMapBase<objc::DenseMap<char const*, objc::detail::DenseSetEmpty, objc::DenseMapValueInfo<objc::detail::DenseSetEmpty>, objc::DenseMapInfo<char const*>, objc::detail::DenseSetPair<char const*> >, char const*, objc::detail::DenseSetEmpty, objc::DenseMapValueInfo<objc::detail::DenseSetEmpty>, objc::DenseMapInfo<char const*>, objc::detail::DenseSetPair<char const*> >::InsertIntoBucketImpl<char const*>(char const* const&, char const* const&, objc::detail::DenseSetPair<char const*>*) (in /usr/lib/libobjc.A.dylib)
==63446==    by 0x10072CEC1: __sel_registerName(char const*, bool, bool) (in /usr/lib/libobjc.A.dylib)
==63446==    by 0x10071AD4B: fixupMethodList(method_list_t*, bool, bool) (in /usr/lib/libobjc.A.dylib)
==63446==    by 0x100710835: prepareMethodLists(objc_class*, method_list_t**, int, bool, bool) (in /usr/lib/libobjc.A.dylib)
==63446==    by 0x10072307C: realizeClassWithoutSwift(objc_class*, objc_class*) (in /usr/lib/libobjc.A.dylib)
==63446==    by 0x100722B7B: realizeClassWithoutSwift(objc_class*, objc_class*) (in /usr/lib/libobjc.A.dylib)
==63446==    by 0x100722B54: realizeClassWithoutSwift(objc_class*, objc_class*) (in /usr/lib/libobjc.A.dylib)
==63446==    by 0x100722B54: realizeClassWithoutSwift(objc_class*, objc_class*) (in /usr/lib/libobjc.A.dylib)
==63446==    by 0x100722B54: realizeClassWithoutSwift(objc_class*, objc_class*) (in /usr/lib/libobjc.A.dylib)
==63446==    by 0x10070EA1E: map_images_nolock (in /usr/lib/libobjc.A.dylib)
==63446== 
==63446== LEAK SUMMARY:
==63446==    definitely lost: 0 bytes in 0 blocks
==63446==    indirectly lost: 0 bytes in 0 blocks
==63446==      possibly lost: 0 bytes in 0 blocks
==63446==    still reachable: 2,196 bytes in 4 blocks
==63446==         suppressed: 16,027 bytes in 162 blocks
==63446== 
==63446== For lists of detected and suppressed errors, rerun with: -s
==63446== ERROR SUMMARY: 0 errors from 0 contexts (suppressed: 7 from 7)
