==63542== Memcheck, a memory error detector
==63542== Copyright (C) 2002-2017, and GNU GPL'd, by Julian Seward et al.
==63542== Using Valgrind-3.17.0.GIT and LibVEX; rerun with -h for copyright info
==63542== Command: /Users/ilmira/Desktop/json-c/tests/test_set_value /Users/ilmira/Desktop/json-c/tests
==63542== Parent PID: 63523
==63542== 
--63542-- run: /usr/bin/dsymutil "/Users/ilmira/Desktop/json-c/tests/test_set_value"
==63542== 
==63542== HEAP SUMMARY:
==63542==     in use at exit: 19,575 bytes in 184 blocks
==63542==   total heap usage: 220 allocs, 36 frees, 26,109 bytes allocated
==63542== 
==63542== 8 bytes in 1 blocks are still reachable in loss record 1 of 52
==63542==    at 0x100123545: malloc (in /Users/ilmira/.brew/Cellar/valgrind/HEAD-6049595/lib/valgrind/vgpreload_memcheck-amd64-darwin.so)
==63542==    by 0x1002F012F: tlv_allocate_and_initialize_for_key (in /usr/lib/system/libdyld.dylib)
==63542==    by 0x1002EFF67: tlv_get_addr (in /usr/lib/system/libdyld.dylib)
==63542==    by 0x100135976: json_object_double_to_json_string_format (json_object.c:1035)
==63542==    by 0x100133A7D: json_object_double_to_json_string_default (json_object.c:1101)
==63542==    by 0x100134203: json_object_to_json_string_length (json_object.c:458)
==63542==    by 0x10013427E: json_object_to_json_string_ext (json_object.c:472)
==63542==    by 0x1001342A9: json_object_to_json_string (json_object.c:479)
==63542==    by 0x1000036A2: main (test_set_value.c:97)
==63542== 
==63542== 32 bytes in 1 blocks are still reachable in loss record 15 of 52
==63542==    at 0x100123545: malloc (in /Users/ilmira/.brew/Cellar/valgrind/HEAD-6049595/lib/valgrind/vgpreload_memcheck-amd64-darwin.so)
==63542==    by 0x1003C371F: __Balloc_D2A (in /usr/lib/system/libsystem_c.dylib)
==63542==    by 0x1003C406E: __s2b_D2A (in /usr/lib/system/libsystem_c.dylib)
==63542==    by 0x1003C4B47: strtod_l (in /usr/lib/system/libsystem_c.dylib)
==63542==    by 0x100136002: json_object_get_double (json_object.c:1184)
==63542==    by 0x10000359E: main (test_set_value.c:89)
==63542== 
==63542== 32 bytes in 1 blocks are still reachable in loss record 16 of 52
==63542==    at 0x100123545: malloc (in /Users/ilmira/.brew/Cellar/valgrind/HEAD-6049595/lib/valgrind/vgpreload_memcheck-amd64-darwin.so)
==63542==    by 0x1003C371F: __Balloc_D2A (in /usr/lib/system/libsystem_c.dylib)
==63542==    by 0x1003C4BAD: strtod_l (in /usr/lib/system/libsystem_c.dylib)
==63542==    by 0x100136002: json_object_get_double (json_object.c:1184)
==63542==    by 0x10000359E: main (test_set_value.c:89)
==63542== 
==63542== 36 bytes in 1 blocks are still reachable in loss record 17 of 52
==63542==    at 0x100123545: malloc (in /Users/ilmira/.brew/Cellar/valgrind/HEAD-6049595/lib/valgrind/vgpreload_memcheck-amd64-darwin.so)
==63542==    by 0x1003C371F: __Balloc_D2A (in /usr/lib/system/libsystem_c.dylib)
==63542==    by 0x1003C3EFC: __d2b_D2A (in /usr/lib/system/libsystem_c.dylib)
==63542==    by 0x1003C4BE2: strtod_l (in /usr/lib/system/libsystem_c.dylib)
==63542==    by 0x100136002: json_object_get_double (json_object.c:1184)
==63542==    by 0x10000359E: main (test_set_value.c:89)
==63542== 
==63542== 36 bytes in 1 blocks are still reachable in loss record 18 of 52
==63542==    at 0x100123545: malloc (in /Users/ilmira/.brew/Cellar/valgrind/HEAD-6049595/lib/valgrind/vgpreload_memcheck-amd64-darwin.so)
==63542==    by 0x1003C371F: __Balloc_D2A (in /usr/lib/system/libsystem_c.dylib)
==63542==    by 0x1003C397F: __i2b_D2A (in /usr/lib/system/libsystem_c.dylib)
==63542==    by 0x1003C4BF3: strtod_l (in /usr/lib/system/libsystem_c.dylib)
==63542==    by 0x100136002: json_object_get_double (json_object.c:1184)
==63542==    by 0x10000359E: main (test_set_value.c:89)
==63542== 
==63542== 36 bytes in 1 blocks are still reachable in loss record 19 of 52
==63542==    at 0x100123545: malloc (in /Users/ilmira/.brew/Cellar/valgrind/HEAD-6049595/lib/valgrind/vgpreload_memcheck-amd64-darwin.so)
==63542==    by 0x1003C371F: __Balloc_D2A (in /usr/lib/system/libsystem_c.dylib)
==63542==    by 0x1003C397F: __i2b_D2A (in /usr/lib/system/libsystem_c.dylib)
==63542==    by 0x1003C4BF3: strtod_l (in /usr/lib/system/libsystem_c.dylib)
==63542==    by 0x100136002: json_object_get_double (json_object.c:1184)
==63542==    by 0x100003606: main (test_set_value.c:91)
==63542== 
==63542== 44 bytes in 1 blocks are still reachable in loss record 20 of 52
==63542==    at 0x100123545: malloc (in /Users/ilmira/.brew/Cellar/valgrind/HEAD-6049595/lib/valgrind/vgpreload_memcheck-amd64-darwin.so)
==63542==    by 0x1003C371F: __Balloc_D2A (in /usr/lib/system/libsystem_c.dylib)
==63542==    by 0x1003C3BF9: __lshift_D2A (in /usr/lib/system/libsystem_c.dylib)
==63542==    by 0x1003C1387: __dtoa (in /usr/lib/system/libsystem_c.dylib)
==63542==    by 0x1003E72DD: __vfprintf (in /usr/lib/system/libsystem_c.dylib)
==63542==    by 0x10040DAD2: __v2printf (in /usr/lib/system/libsystem_c.dylib)
==63542==    by 0x1003F3EE6: _vsnprintf (in /usr/lib/system/libsystem_c.dylib)
==63542==    by 0x1003F3F8F: vsnprintf (in /usr/lib/system/libsystem_c.dylib)
==63542==    by 0x1004224B7: __snprintf_chk (in /usr/lib/system/libsystem_c.dylib)
==63542==    by 0x100135A02: json_object_double_to_json_string_format (json_object.c:1044)
==63542==    by 0x100133A7D: json_object_double_to_json_string_default (json_object.c:1101)
==63542==    by 0x100134203: json_object_to_json_string_length (json_object.c:458)
==63542== 
==63542== 44 bytes in 1 blocks are still reachable in loss record 21 of 52
==63542==    at 0x100123545: malloc (in /Users/ilmira/.brew/Cellar/valgrind/HEAD-6049595/lib/valgrind/vgpreload_memcheck-amd64-darwin.so)
==63542==    by 0x1003C371F: __Balloc_D2A (in /usr/lib/system/libsystem_c.dylib)
==63542==    by 0x1003C3BF9: __lshift_D2A (in /usr/lib/system/libsystem_c.dylib)
==63542==    by 0x1003C172D: __dtoa (in /usr/lib/system/libsystem_c.dylib)
==63542==    by 0x1003E72DD: __vfprintf (in /usr/lib/system/libsystem_c.dylib)
==63542==    by 0x10040DAD2: __v2printf (in /usr/lib/system/libsystem_c.dylib)
==63542==    by 0x1003F3EE6: _vsnprintf (in /usr/lib/system/libsystem_c.dylib)
==63542==    by 0x1003F3F8F: vsnprintf (in /usr/lib/system/libsystem_c.dylib)
==63542==    by 0x1004224B7: __snprintf_chk (in /usr/lib/system/libsystem_c.dylib)
==63542==    by 0x100135A02: json_object_double_to_json_string_format (json_object.c:1044)
==63542==    by 0x100133A7D: json_object_double_to_json_string_default (json_object.c:1101)
==63542==    by 0x100134203: json_object_to_json_string_length (json_object.c:458)
==63542== 
==63542== 80 bytes in 1 blocks are still reachable in loss record 27 of 52
==63542==    at 0x100123545: malloc (in /Users/ilmira/.brew/Cellar/valgrind/HEAD-6049595/lib/valgrind/vgpreload_memcheck-amd64-darwin.so)
==63542==    by 0x1003C369F: __Balloc_D2A (in /usr/lib/system/libsystem_c.dylib)
==63542==    by 0x1003C406E: __s2b_D2A (in /usr/lib/system/libsystem_c.dylib)
==63542==    by 0x1003C4B47: strtod_l (in /usr/lib/system/libsystem_c.dylib)
==63542==    by 0x100136002: json_object_get_double (json_object.c:1184)
==63542==    by 0x10000359E: main (test_set_value.c:89)
==63542== 
==63542== 156 bytes in 1 blocks are still reachable in loss record 35 of 52
==63542==    at 0x100123545: malloc (in /Users/ilmira/.brew/Cellar/valgrind/HEAD-6049595/lib/valgrind/vgpreload_memcheck-amd64-darwin.so)
==63542==    by 0x1003C371F: __Balloc_D2A (in /usr/lib/system/libsystem_c.dylib)
==63542==    by 0x1003C3BF9: __lshift_D2A (in /usr/lib/system/libsystem_c.dylib)
==63542==    by 0x1003C4CB8: strtod_l (in /usr/lib/system/libsystem_c.dylib)
==63542==    by 0x100136002: json_object_get_double (json_object.c:1184)
==63542==    by 0x10000359E: main (test_set_value.c:89)
==63542== 
==63542== 156 bytes in 1 blocks are still reachable in loss record 36 of 52
==63542==    at 0x100123545: malloc (in /Users/ilmira/.brew/Cellar/valgrind/HEAD-6049595/lib/valgrind/vgpreload_memcheck-amd64-darwin.so)
==63542==    by 0x1003C371F: __Balloc_D2A (in /usr/lib/system/libsystem_c.dylib)
==63542==    by 0x1003C3BF9: __lshift_D2A (in /usr/lib/system/libsystem_c.dylib)
==63542==    by 0x1003C4CFD: strtod_l (in /usr/lib/system/libsystem_c.dylib)
==63542==    by 0x100136002: json_object_get_double (json_object.c:1184)
==63542==    by 0x10000359E: main (test_set_value.c:89)
==63542== 
==63542== 156 bytes in 1 blocks are still reachable in loss record 37 of 52
==63542==    at 0x100123545: malloc (in /Users/ilmira/.brew/Cellar/valgrind/HEAD-6049595/lib/valgrind/vgpreload_memcheck-amd64-darwin.so)
==63542==    by 0x1003C371F: __Balloc_D2A (in /usr/lib/system/libsystem_c.dylib)
==63542==    by 0x1003C3D72: __diff_D2A (in /usr/lib/system/libsystem_c.dylib)
==63542==    by 0x1003C4D0F: strtod_l (in /usr/lib/system/libsystem_c.dylib)
==63542==    by 0x100136002: json_object_get_double (json_object.c:1184)
==63542==    by 0x10000359E: main (test_set_value.c:89)
==63542== 
==63542== 260 bytes in 3 blocks are still reachable in loss record 40 of 52
==63542==    at 0x100123545: malloc (in /Users/ilmira/.brew/Cellar/valgrind/HEAD-6049595/lib/valgrind/vgpreload_memcheck-amd64-darwin.so)
==63542==    by 0x1003C371F: __Balloc_D2A (in /usr/lib/system/libsystem_c.dylib)
==63542==    by 0x1003C39D8: __mult_D2A (in /usr/lib/system/libsystem_c.dylib)
==63542==    by 0x1003C3B53: __pow5mult_D2A (in /usr/lib/system/libsystem_c.dylib)
==63542==    by 0x1003C4CD3: strtod_l (in /usr/lib/system/libsystem_c.dylib)
==63542==    by 0x100136002: json_object_get_double (json_object.c:1184)
==63542==    by 0x10000359E: main (test_set_value.c:89)
==63542== 
==63542== 424 bytes in 6 blocks are still reachable in loss record 45 of 52
==63542==    at 0x100123545: malloc (in /Users/ilmira/.brew/Cellar/valgrind/HEAD-6049595/lib/valgrind/vgpreload_memcheck-amd64-darwin.so)
==63542==    by 0x1003C371F: __Balloc_D2A (in /usr/lib/system/libsystem_c.dylib)
==63542==    by 0x1003C39D8: __mult_D2A (in /usr/lib/system/libsystem_c.dylib)
==63542==    by 0x1003C3B8B: __pow5mult_D2A (in /usr/lib/system/libsystem_c.dylib)
==63542==    by 0x1003C4CD3: strtod_l (in /usr/lib/system/libsystem_c.dylib)
==63542==    by 0x100136002: json_object_get_double (json_object.c:1184)
==63542==    by 0x10000359E: main (test_set_value.c:89)
==63542== 
==63542== 2,048 bytes in 1 blocks are still reachable in loss record 49 of 52
==63542==    at 0x100123545: malloc (in /Users/ilmira/.brew/Cellar/valgrind/HEAD-6049595/lib/valgrind/vgpreload_memcheck-amd64-darwin.so)
==63542==    by 0x100729079: objc::DenseMap<char const*, objc::detail::DenseSetEmpty, objc::DenseMapValueInfo<objc::detail::DenseSetEmpty>, objc::DenseMapInfo<char const*>, objc::detail::DenseSetPair<char const*> >::grow(unsigned int) (in /usr/lib/libobjc.A.dylib)
==63542==    by 0x10072900D: objc::detail::DenseSetPair<char const*>* objc::DenseMapBase<objc::DenseMap<char const*, objc::detail::DenseSetEmpty, objc::DenseMapValueInfo<objc::detail::DenseSetEmpty>, objc::DenseMapInfo<char const*>, objc::detail::DenseSetPair<char const*> >, char const*, objc::detail::DenseSetEmpty, objc::DenseMapValueInfo<objc::detail::DenseSetEmpty>, objc::DenseMapInfo<char const*>, objc::detail::DenseSetPair<char const*> >::InsertIntoBucketImpl<char const*>(char const* const&, char const* const&, objc::detail::DenseSetPair<char const*>*) (in /usr/lib/libobjc.A.dylib)
==63542==    by 0x10072CEC1: __sel_registerName(char const*, bool, bool) (in /usr/lib/libobjc.A.dylib)
==63542==    by 0x10071AD4B: fixupMethodList(method_list_t*, bool, bool) (in /usr/lib/libobjc.A.dylib)
==63542==    by 0x100710835: prepareMethodLists(objc_class*, method_list_t**, int, bool, bool) (in /usr/lib/libobjc.A.dylib)
==63542==    by 0x10072307C: realizeClassWithoutSwift(objc_class*, objc_class*) (in /usr/lib/libobjc.A.dylib)
==63542==    by 0x100722B7B: realizeClassWithoutSwift(objc_class*, objc_class*) (in /usr/lib/libobjc.A.dylib)
==63542==    by 0x100722B54: realizeClassWithoutSwift(objc_class*, objc_class*) (in /usr/lib/libobjc.A.dylib)
==63542==    by 0x100722B54: realizeClassWithoutSwift(objc_class*, objc_class*) (in /usr/lib/libobjc.A.dylib)
==63542==    by 0x100722B54: realizeClassWithoutSwift(objc_class*, objc_class*) (in /usr/lib/libobjc.A.dylib)
==63542==    by 0x10070EA1E: map_images_nolock (in /usr/lib/libobjc.A.dylib)
==63542== 
==63542== LEAK SUMMARY:
==63542==    definitely lost: 0 bytes in 0 blocks
==63542==    indirectly lost: 0 bytes in 0 blocks
==63542==      possibly lost: 0 bytes in 0 blocks
==63542==    still reachable: 3,548 bytes in 22 blocks
==63542==         suppressed: 16,027 bytes in 162 blocks
==63542== 
==63542== For lists of detected and suppressed errors, rerun with: -s
==63542== ERROR SUMMARY: 0 errors from 0 contexts (suppressed: 7 from 7)
