==63970== Memcheck, a memory error detector
==63970== Copyright (C) 2002-2017, and GNU GPL'd, by Julian Seward et al.
==63970== Using Valgrind-3.17.0.GIT and LibVEX; rerun with -h for copyright info
==63970== Command: /Users/ilmira/Desktop/json-c/tests/test_object_iterator /Users/ilmira/Desktop/json-c/tests
==63970== Parent PID: 63955
==63970== 
--63970-- run: /usr/bin/dsymutil "/Users/ilmira/Desktop/json-c/tests/test_object_iterator"
==63970== 
==63970== HEAP SUMMARY:
==63970==     in use at exit: 18,075 bytes in 163 blocks
==63970==   total heap usage: 218 allocs, 55 frees, 25,500 bytes allocated
==63970== 
==63970== 2,048 bytes in 1 blocks are still reachable in loss record 35 of 38
==63970==    at 0x100123545: malloc (in /Users/ilmira/.brew/Cellar/valgrind/HEAD-6049595/lib/valgrind/vgpreload_memcheck-amd64-darwin.so)
==63970==    by 0x100729079: objc::DenseMap<char const*, objc::detail::DenseSetEmpty, objc::DenseMapValueInfo<objc::detail::DenseSetEmpty>, objc::DenseMapInfo<char const*>, objc::detail::DenseSetPair<char const*> >::grow(unsigned int) (in /usr/lib/libobjc.A.dylib)
==63970==    by 0x10072900D: objc::detail::DenseSetPair<char const*>* objc::DenseMapBase<objc::DenseMap<char const*, objc::detail::DenseSetEmpty, objc::DenseMapValueInfo<objc::detail::DenseSetEmpty>, objc::DenseMapInfo<char const*>, objc::detail::DenseSetPair<char const*> >, char const*, objc::detail::DenseSetEmpty, objc::DenseMapValueInfo<objc::detail::DenseSetEmpty>, objc::DenseMapInfo<char const*>, objc::detail::DenseSetPair<char const*> >::InsertIntoBucketImpl<char const*>(char const* const&, char const* const&, objc::detail::DenseSetPair<char const*>*) (in /usr/lib/libobjc.A.dylib)
==63970==    by 0x10072CEC1: __sel_registerName(char const*, bool, bool) (in /usr/lib/libobjc.A.dylib)
==63970==    by 0x10071AD4B: fixupMethodList(method_list_t*, bool, bool) (in /usr/lib/libobjc.A.dylib)
==63970==    by 0x100710835: prepareMethodLists(objc_class*, method_list_t**, int, bool, bool) (in /usr/lib/libobjc.A.dylib)
==63970==    by 0x10072307C: realizeClassWithoutSwift(objc_class*, objc_class*) (in /usr/lib/libobjc.A.dylib)
==63970==    by 0x100722B7B: realizeClassWithoutSwift(objc_class*, objc_class*) (in /usr/lib/libobjc.A.dylib)
==63970==    by 0x100722B54: realizeClassWithoutSwift(objc_class*, objc_class*) (in /usr/lib/libobjc.A.dylib)
==63970==    by 0x100722B54: realizeClassWithoutSwift(objc_class*, objc_class*) (in /usr/lib/libobjc.A.dylib)
==63970==    by 0x100722B54: realizeClassWithoutSwift(objc_class*, objc_class*) (in /usr/lib/libobjc.A.dylib)
==63970==    by 0x10070EA1E: map_images_nolock (in /usr/lib/libobjc.A.dylib)
==63970== 
==63970== LEAK SUMMARY:
==63970==    definitely lost: 0 bytes in 0 blocks
==63970==    indirectly lost: 0 bytes in 0 blocks
==63970==      possibly lost: 0 bytes in 0 blocks
==63970==    still reachable: 2,048 bytes in 1 blocks
==63970==         suppressed: 16,027 bytes in 162 blocks
==63970== 
==63970== For lists of detected and suppressed errors, rerun with: -s
==63970== ERROR SUMMARY: 0 errors from 0 contexts (suppressed: 7 from 7)
