==63349== Memcheck, a memory error detector
==63349== Copyright (C) 2002-2017, and GNU GPL'd, by Julian Seward et al.
==63349== Using Valgrind-3.17.0.GIT and LibVEX; rerun with -h for copyright info
==63349== Command: /Users/ilmira/Desktop/json-c/tests/test_parse /Users/ilmira/Desktop/json-c/tests
==63349== Parent PID: 63330
==63349== 
--63349-- run: /usr/bin/dsymutil "/Users/ilmira/Desktop/json-c/tests/test_parse"
==63349== 
==63349== HEAP SUMMARY:
==63349==     in use at exit: 18,195 bytes in 166 blocks
==63349==   total heap usage: 1,603 allocs, 1,437 frees, 180,926 bytes allocated
==63349== 
==63349== 8 bytes in 1 blocks are still reachable in loss record 1 of 41
==63349==    at 0x100123545: malloc (in /Users/ilmira/.brew/Cellar/valgrind/HEAD-6049595/lib/valgrind/vgpreload_memcheck-amd64-darwin.so)
==63349==    by 0x1002F012F: tlv_allocate_and_initialize_for_key (in /usr/lib/system/libdyld.dylib)
==63349==    by 0x1002EFF67: tlv_get_addr (in /usr/lib/system/libdyld.dylib)
==63349==    by 0x100135976: json_object_double_to_json_string_format (json_object.c:1035)
==63349==    by 0x100133A7D: json_object_double_to_json_string_default (json_object.c:1101)
==63349==    by 0x100133FDA: json_object_array_to_json_string (json_object.c:1407)
==63349==    by 0x100134203: json_object_to_json_string_length (json_object.c:458)
==63349==    by 0x10013427E: json_object_to_json_string_ext (json_object.c:472)
==63349==    by 0x1001342A9: json_object_to_json_string (json_object.c:479)
==63349==    by 0x100002F7F: single_basic_parse (test_parse.c:89)
==63349==    by 0x100002896: test_basic_parse (test_parse.c:181)
==63349==    by 0x100002483: main (test_parse.c:21)
==63349== 
==63349== 32 bytes in 1 blocks are still reachable in loss record 15 of 41
==63349==    at 0x100123545: malloc (in /Users/ilmira/.brew/Cellar/valgrind/HEAD-6049595/lib/valgrind/vgpreload_memcheck-amd64-darwin.so)
==63349==    by 0x1003C371F: __Balloc_D2A (in /usr/lib/system/libsystem_c.dylib)
==63349==    by 0x1003C088D: __rv_alloc_D2A (in /usr/lib/system/libsystem_c.dylib)
==63349==    by 0x1003C08AE: __nrv_alloc_D2A (in /usr/lib/system/libsystem_c.dylib)
==63349==    by 0x1003C0B38: __dtoa (in /usr/lib/system/libsystem_c.dylib)
==63349==    by 0x1003E72DD: __vfprintf (in /usr/lib/system/libsystem_c.dylib)
==63349==    by 0x10040DAD2: __v2printf (in /usr/lib/system/libsystem_c.dylib)
==63349==    by 0x1003F3EE6: _vsnprintf (in /usr/lib/system/libsystem_c.dylib)
==63349==    by 0x1003F3F8F: vsnprintf (in /usr/lib/system/libsystem_c.dylib)
==63349==    by 0x1004224B7: __snprintf_chk (in /usr/lib/system/libsystem_c.dylib)
==63349==    by 0x100135A02: json_object_double_to_json_string_format (json_object.c:1044)
==63349==    by 0x100133A7D: json_object_double_to_json_string_default (json_object.c:1101)
==63349== 
==63349== 80 bytes in 1 blocks are still reachable in loss record 21 of 41
==63349==    at 0x100123545: malloc (in /Users/ilmira/.brew/Cellar/valgrind/HEAD-6049595/lib/valgrind/vgpreload_memcheck-amd64-darwin.so)
==63349==    by 0x1003C369F: __Balloc_D2A (in /usr/lib/system/libsystem_c.dylib)
==63349==    by 0x1003C088D: __rv_alloc_D2A (in /usr/lib/system/libsystem_c.dylib)
==63349==    by 0x1003C08AE: __nrv_alloc_D2A (in /usr/lib/system/libsystem_c.dylib)
==63349==    by 0x1003C0B38: __dtoa (in /usr/lib/system/libsystem_c.dylib)
==63349==    by 0x1003E72DD: __vfprintf (in /usr/lib/system/libsystem_c.dylib)
==63349==    by 0x10040DAD2: __v2printf (in /usr/lib/system/libsystem_c.dylib)
==63349==    by 0x1003F3EE6: _vsnprintf (in /usr/lib/system/libsystem_c.dylib)
==63349==    by 0x1003F3F8F: vsnprintf (in /usr/lib/system/libsystem_c.dylib)
==63349==    by 0x1004224B7: __snprintf_chk (in /usr/lib/system/libsystem_c.dylib)
==63349==    by 0x100135A02: json_object_double_to_json_string_format (json_object.c:1044)
==63349==    by 0x100133A7D: json_object_double_to_json_string_default (json_object.c:1101)
==63349== 
==63349== 2,048 bytes in 1 blocks are still reachable in loss record 38 of 41
==63349==    at 0x100123545: malloc (in /Users/ilmira/.brew/Cellar/valgrind/HEAD-6049595/lib/valgrind/vgpreload_memcheck-amd64-darwin.so)
==63349==    by 0x100729079: objc::DenseMap<char const*, objc::detail::DenseSetEmpty, objc::DenseMapValueInfo<objc::detail::DenseSetEmpty>, objc::DenseMapInfo<char const*>, objc::detail::DenseSetPair<char const*> >::grow(unsigned int) (in /usr/lib/libobjc.A.dylib)
==63349==    by 0x10072900D: objc::detail::DenseSetPair<char const*>* objc::DenseMapBase<objc::DenseMap<char const*, objc::detail::DenseSetEmpty, objc::DenseMapValueInfo<objc::detail::DenseSetEmpty>, objc::DenseMapInfo<char const*>, objc::detail::DenseSetPair<char const*> >, char const*, objc::detail::DenseSetEmpty, objc::DenseMapValueInfo<objc::detail::DenseSetEmpty>, objc::DenseMapInfo<char const*>, objc::detail::DenseSetPair<char const*> >::InsertIntoBucketImpl<char const*>(char const* const&, char const* const&, objc::detail::DenseSetPair<char const*>*) (in /usr/lib/libobjc.A.dylib)
==63349==    by 0x10072CEC1: __sel_registerName(char const*, bool, bool) (in /usr/lib/libobjc.A.dylib)
==63349==    by 0x10071AD4B: fixupMethodList(method_list_t*, bool, bool) (in /usr/lib/libobjc.A.dylib)
==63349==    by 0x100710835: prepareMethodLists(objc_class*, method_list_t**, int, bool, bool) (in /usr/lib/libobjc.A.dylib)
==63349==    by 0x10072307C: realizeClassWithoutSwift(objc_class*, objc_class*) (in /usr/lib/libobjc.A.dylib)
==63349==    by 0x100722B7B: realizeClassWithoutSwift(objc_class*, objc_class*) (in /usr/lib/libobjc.A.dylib)
==63349==    by 0x100722B54: realizeClassWithoutSwift(objc_class*, objc_class*) (in /usr/lib/libobjc.A.dylib)
==63349==    by 0x100722B54: realizeClassWithoutSwift(objc_class*, objc_class*) (in /usr/lib/libobjc.A.dylib)
==63349==    by 0x100722B54: realizeClassWithoutSwift(objc_class*, objc_class*) (in /usr/lib/libobjc.A.dylib)
==63349==    by 0x10070EA1E: map_images_nolock (in /usr/lib/libobjc.A.dylib)
==63349== 
==63349== LEAK SUMMARY:
==63349==    definitely lost: 0 bytes in 0 blocks
==63349==    indirectly lost: 0 bytes in 0 blocks
==63349==      possibly lost: 0 bytes in 0 blocks
==63349==    still reachable: 2,168 bytes in 4 blocks
==63349==         suppressed: 16,027 bytes in 162 blocks
==63349== 
==63349== For lists of detected and suppressed errors, rerun with: -s
==63349== ERROR SUMMARY: 0 errors from 0 contexts (suppressed: 7 from 7)
