==62921== Memcheck, a memory error detector
==62921== Copyright (C) 2002-2017, and GNU GPL'd, by Julian Seward et al.
==62921== Using Valgrind-3.17.0.GIT and LibVEX; rerun with -h for copyright info
==62921== Command: /Users/ilmira/Desktop/json-c/tests/test_locale /Users/ilmira/Desktop/json-c/tests
==62921== Parent PID: 62906
==62921== 
--62921-- run: /usr/bin/dsymutil "/Users/ilmira/Desktop/json-c/tests/test_locale"
==62921== 
==62921== HEAP SUMMARY:
==62921==     in use at exit: 18,283 bytes in 168 blocks
==62921==   total heap usage: 203 allocs, 35 frees, 24,870 bytes allocated
==62921== 
==62921== 12 bytes in 1 blocks are still reachable in loss record 1 of 43
==62921==    at 0x100123545: malloc (in /Users/ilmira/.brew/Cellar/valgrind/HEAD-6049595/lib/valgrind/vgpreload_memcheck-amd64-darwin.so)
==62921==    by 0x1003D524A: __part_load_locale (in /usr/lib/system/libsystem_c.dylib)
==62921==    by 0x1003D5CAB: __numeric_load_locale (in /usr/lib/system/libsystem_c.dylib)
==62921==    by 0x1003D7B08: loadlocale (in /usr/lib/system/libsystem_c.dylib)
==62921==    by 0x100003CB7: main (test_locale.c:23)
==62921== 
==62921== 32 bytes in 1 blocks are still reachable in loss record 15 of 43
==62921==    at 0x100123545: malloc (in /Users/ilmira/.brew/Cellar/valgrind/HEAD-6049595/lib/valgrind/vgpreload_memcheck-amd64-darwin.so)
==62921==    by 0x1003C371F: __Balloc_D2A (in /usr/lib/system/libsystem_c.dylib)
==62921==    by 0x1003C088D: __rv_alloc_D2A (in /usr/lib/system/libsystem_c.dylib)
==62921==    by 0x1003C0D93: __dtoa (in /usr/lib/system/libsystem_c.dylib)
==62921==    by 0x1003E72DD: __vfprintf (in /usr/lib/system/libsystem_c.dylib)
==62921==    by 0x10040DAD2: __v2printf (in /usr/lib/system/libsystem_c.dylib)
==62921==    by 0x1003F3EE6: _vsnprintf (in /usr/lib/system/libsystem_c.dylib)
==62921==    by 0x1003F3F8F: vsnprintf (in /usr/lib/system/libsystem_c.dylib)
==62921==    by 0x1004224B7: __snprintf_chk (in /usr/lib/system/libsystem_c.dylib)
==62921==    by 0x100003CDF: main (test_locale.c:32)
==62921== 
==62921== 36 bytes in 1 blocks are still reachable in loss record 16 of 43
==62921==    at 0x100123545: malloc (in /Users/ilmira/.brew/Cellar/valgrind/HEAD-6049595/lib/valgrind/vgpreload_memcheck-amd64-darwin.so)
==62921==    by 0x1003C371F: __Balloc_D2A (in /usr/lib/system/libsystem_c.dylib)
==62921==    by 0x1003C3EFC: __d2b_D2A (in /usr/lib/system/libsystem_c.dylib)
==62921==    by 0x1003C0B61: __dtoa (in /usr/lib/system/libsystem_c.dylib)
==62921==    by 0x1003E72DD: __vfprintf (in /usr/lib/system/libsystem_c.dylib)
==62921==    by 0x10040DAD2: __v2printf (in /usr/lib/system/libsystem_c.dylib)
==62921==    by 0x1003F3EE6: _vsnprintf (in /usr/lib/system/libsystem_c.dylib)
==62921==    by 0x1003F3F8F: vsnprintf (in /usr/lib/system/libsystem_c.dylib)
==62921==    by 0x1004224B7: __snprintf_chk (in /usr/lib/system/libsystem_c.dylib)
==62921==    by 0x100003CDF: main (test_locale.c:32)
==62921== 
==62921== 48 bytes in 1 blocks are still reachable in loss record 19 of 43
==62921==    at 0x100123545: malloc (in /Users/ilmira/.brew/Cellar/valgrind/HEAD-6049595/lib/valgrind/vgpreload_memcheck-amd64-darwin.so)
==62921==    by 0x1003D5C4E: __numeric_load_locale (in /usr/lib/system/libsystem_c.dylib)
==62921==    by 0x1003D7B08: loadlocale (in /usr/lib/system/libsystem_c.dylib)
==62921==    by 0x100003CB7: main (test_locale.c:23)
==62921== 
==62921== 80 bytes in 1 blocks are still reachable in loss record 23 of 43
==62921==    at 0x100123545: malloc (in /Users/ilmira/.brew/Cellar/valgrind/HEAD-6049595/lib/valgrind/vgpreload_memcheck-amd64-darwin.so)
==62921==    by 0x1003C369F: __Balloc_D2A (in /usr/lib/system/libsystem_c.dylib)
==62921==    by 0x1003C3EFC: __d2b_D2A (in /usr/lib/system/libsystem_c.dylib)
==62921==    by 0x1003C0B61: __dtoa (in /usr/lib/system/libsystem_c.dylib)
==62921==    by 0x1003E72DD: __vfprintf (in /usr/lib/system/libsystem_c.dylib)
==62921==    by 0x10040DAD2: __v2printf (in /usr/lib/system/libsystem_c.dylib)
==62921==    by 0x1003F3EE6: _vsnprintf (in /usr/lib/system/libsystem_c.dylib)
==62921==    by 0x1003F3F8F: vsnprintf (in /usr/lib/system/libsystem_c.dylib)
==62921==    by 0x1004224B7: __snprintf_chk (in /usr/lib/system/libsystem_c.dylib)
==62921==    by 0x100003CDF: main (test_locale.c:32)
==62921== 
==62921== 2,048 bytes in 1 blocks are still reachable in loss record 40 of 43
==62921==    at 0x100123545: malloc (in /Users/ilmira/.brew/Cellar/valgrind/HEAD-6049595/lib/valgrind/vgpreload_memcheck-amd64-darwin.so)
==62921==    by 0x100729079: objc::DenseMap<char const*, objc::detail::DenseSetEmpty, objc::DenseMapValueInfo<objc::detail::DenseSetEmpty>, objc::DenseMapInfo<char const*>, objc::detail::DenseSetPair<char const*> >::grow(unsigned int) (in /usr/lib/libobjc.A.dylib)
==62921==    by 0x10072900D: objc::detail::DenseSetPair<char const*>* objc::DenseMapBase<objc::DenseMap<char const*, objc::detail::DenseSetEmpty, objc::DenseMapValueInfo<objc::detail::DenseSetEmpty>, objc::DenseMapInfo<char const*>, objc::detail::DenseSetPair<char const*> >, char const*, objc::detail::DenseSetEmpty, objc::DenseMapValueInfo<objc::detail::DenseSetEmpty>, objc::DenseMapInfo<char const*>, objc::detail::DenseSetPair<char const*> >::InsertIntoBucketImpl<char const*>(char const* const&, char const* const&, objc::detail::DenseSetPair<char const*>*) (in /usr/lib/libobjc.A.dylib)
==62921==    by 0x10072CEC1: __sel_registerName(char const*, bool, bool) (in /usr/lib/libobjc.A.dylib)
==62921==    by 0x10071AD4B: fixupMethodList(method_list_t*, bool, bool) (in /usr/lib/libobjc.A.dylib)
==62921==    by 0x100710835: prepareMethodLists(objc_class*, method_list_t**, int, bool, bool) (in /usr/lib/libobjc.A.dylib)
==62921==    by 0x10072307C: realizeClassWithoutSwift(objc_class*, objc_class*) (in /usr/lib/libobjc.A.dylib)
==62921==    by 0x100722B7B: realizeClassWithoutSwift(objc_class*, objc_class*) (in /usr/lib/libobjc.A.dylib)
==62921==    by 0x100722B54: realizeClassWithoutSwift(objc_class*, objc_class*) (in /usr/lib/libobjc.A.dylib)
==62921==    by 0x100722B54: realizeClassWithoutSwift(objc_class*, objc_class*) (in /usr/lib/libobjc.A.dylib)
==62921==    by 0x100722B54: realizeClassWithoutSwift(objc_class*, objc_class*) (in /usr/lib/libobjc.A.dylib)
==62921==    by 0x10070EA1E: map_images_nolock (in /usr/lib/libobjc.A.dylib)
==62921== 
==62921== LEAK SUMMARY:
==62921==    definitely lost: 0 bytes in 0 blocks
==62921==    indirectly lost: 0 bytes in 0 blocks
==62921==      possibly lost: 0 bytes in 0 blocks
==62921==    still reachable: 2,256 bytes in 6 blocks
==62921==         suppressed: 16,027 bytes in 162 blocks
==62921== 
==62921== For lists of detected and suppressed errors, rerun with: -s
==62921== ERROR SUMMARY: 0 errors from 0 contexts (suppressed: 7 from 7)
