==62697== Memcheck, a memory error detector
==62697== Copyright (C) 2002-2017, and GNU GPL'd, by Julian Seward et al.
==62697== Using Valgrind-3.17.0.GIT and LibVEX; rerun with -h for copyright info
==62697== Command: /Users/ilmira/Desktop/json-c/tests/test_double_serializer /Users/ilmira/Desktop/json-c/tests
==62697== Parent PID: 62678
==62697== 
--62697-- run: /usr/bin/dsymutil "/Users/ilmira/Desktop/json-c/tests/test_double_serializer"
==62697== 
==62697== HEAP SUMMARY:
==62697==     in use at exit: 18,435 bytes in 172 blocks
==62697==   total heap usage: 217 allocs, 45 frees, 24,080 bytes allocated
==62697== 
==62697== 8 bytes in 1 blocks are still reachable in loss record 1 of 47
==62697==    at 0x100123545: malloc (in /Users/ilmira/.brew/Cellar/valgrind/HEAD-6049595/lib/valgrind/vgpreload_memcheck-amd64-darwin.so)
==62697==    by 0x1002F012F: tlv_allocate_and_initialize_for_key (in /usr/lib/system/libdyld.dylib)
==62697==    by 0x1002EFF67: tlv_get_addr (in /usr/lib/system/libdyld.dylib)
==62697==    by 0x100135976: json_object_double_to_json_string_format (json_object.c:1035)
==62697==    by 0x100133A7D: json_object_double_to_json_string_default (json_object.c:1101)
==62697==    by 0x100134203: json_object_to_json_string_length (json_object.c:458)
==62697==    by 0x10013427E: json_object_to_json_string_ext (json_object.c:472)
==62697==    by 0x1001342A9: json_object_to_json_string (json_object.c:479)
==62697==    by 0x10000365E: main (test_double_serializer.c:20)
==62697== 
==62697== 32 bytes in 1 blocks are still reachable in loss record 15 of 47
==62697==    at 0x100123545: malloc (in /Users/ilmira/.brew/Cellar/valgrind/HEAD-6049595/lib/valgrind/vgpreload_memcheck-amd64-darwin.so)
==62697==    by 0x1003C371F: __Balloc_D2A (in /usr/lib/system/libsystem_c.dylib)
==62697==    by 0x1003C088D: __rv_alloc_D2A (in /usr/lib/system/libsystem_c.dylib)
==62697==    by 0x1003C0D93: __dtoa (in /usr/lib/system/libsystem_c.dylib)
==62697==    by 0x1003E72DD: __vfprintf (in /usr/lib/system/libsystem_c.dylib)
==62697==    by 0x10040DAD2: __v2printf (in /usr/lib/system/libsystem_c.dylib)
==62697==    by 0x1003F3EE6: _vsnprintf (in /usr/lib/system/libsystem_c.dylib)
==62697==    by 0x1003F3F8F: vsnprintf (in /usr/lib/system/libsystem_c.dylib)
==62697==    by 0x1004224B7: __snprintf_chk (in /usr/lib/system/libsystem_c.dylib)
==62697==    by 0x100135A02: json_object_double_to_json_string_format (json_object.c:1044)
==62697==    by 0x100133A7D: json_object_double_to_json_string_default (json_object.c:1101)
==62697==    by 0x100134203: json_object_to_json_string_length (json_object.c:458)
==62697== 
==62697== 36 bytes in 1 blocks are still reachable in loss record 16 of 47
==62697==    at 0x100123545: malloc (in /Users/ilmira/.brew/Cellar/valgrind/HEAD-6049595/lib/valgrind/vgpreload_memcheck-amd64-darwin.so)
==62697==    by 0x1003C371F: __Balloc_D2A (in /usr/lib/system/libsystem_c.dylib)
==62697==    by 0x1003C3EFC: __d2b_D2A (in /usr/lib/system/libsystem_c.dylib)
==62697==    by 0x1003C0B61: __dtoa (in /usr/lib/system/libsystem_c.dylib)
==62697==    by 0x1003E72DD: __vfprintf (in /usr/lib/system/libsystem_c.dylib)
==62697==    by 0x10040DAD2: __v2printf (in /usr/lib/system/libsystem_c.dylib)
==62697==    by 0x1003F3EE6: _vsnprintf (in /usr/lib/system/libsystem_c.dylib)
==62697==    by 0x1003F3F8F: vsnprintf (in /usr/lib/system/libsystem_c.dylib)
==62697==    by 0x1004224B7: __snprintf_chk (in /usr/lib/system/libsystem_c.dylib)
==62697==    by 0x100135A02: json_object_double_to_json_string_format (json_object.c:1044)
==62697==    by 0x100133A7D: json_object_double_to_json_string_default (json_object.c:1101)
==62697==    by 0x100134203: json_object_to_json_string_length (json_object.c:458)
==62697== 
==62697== 36 bytes in 1 blocks are still reachable in loss record 17 of 47
==62697==    at 0x100123545: malloc (in /Users/ilmira/.brew/Cellar/valgrind/HEAD-6049595/lib/valgrind/vgpreload_memcheck-amd64-darwin.so)
==62697==    by 0x1003C371F: __Balloc_D2A (in /usr/lib/system/libsystem_c.dylib)
==62697==    by 0x1003C397F: __i2b_D2A (in /usr/lib/system/libsystem_c.dylib)
==62697==    by 0x1003C1280: __dtoa (in /usr/lib/system/libsystem_c.dylib)
==62697==    by 0x1003E72DD: __vfprintf (in /usr/lib/system/libsystem_c.dylib)
==62697==    by 0x10040DAD2: __v2printf (in /usr/lib/system/libsystem_c.dylib)
==62697==    by 0x1003F3EE6: _vsnprintf (in /usr/lib/system/libsystem_c.dylib)
==62697==    by 0x1003F3F8F: vsnprintf (in /usr/lib/system/libsystem_c.dylib)
==62697==    by 0x1004224B7: __snprintf_chk (in /usr/lib/system/libsystem_c.dylib)
==62697==    by 0x100135A02: json_object_double_to_json_string_format (json_object.c:1044)
==62697==    by 0x100133A7D: json_object_double_to_json_string_default (json_object.c:1101)
==62697==    by 0x100134203: json_object_to_json_string_length (json_object.c:458)
==62697== 
==62697== 36 bytes in 1 blocks are still reachable in loss record 18 of 47
==62697==    at 0x100123545: malloc (in /Users/ilmira/.brew/Cellar/valgrind/HEAD-6049595/lib/valgrind/vgpreload_memcheck-amd64-darwin.so)
==62697==    by 0x1003C371F: __Balloc_D2A (in /usr/lib/system/libsystem_c.dylib)
==62697==    by 0x1003C3BF9: __lshift_D2A (in /usr/lib/system/libsystem_c.dylib)
==62697==    by 0x1003C1373: __dtoa (in /usr/lib/system/libsystem_c.dylib)
==62697==    by 0x1003E72DD: __vfprintf (in /usr/lib/system/libsystem_c.dylib)
==62697==    by 0x10040DAD2: __v2printf (in /usr/lib/system/libsystem_c.dylib)
==62697==    by 0x1003F3EE6: _vsnprintf (in /usr/lib/system/libsystem_c.dylib)
==62697==    by 0x1003F3F8F: vsnprintf (in /usr/lib/system/libsystem_c.dylib)
==62697==    by 0x1004224B7: __snprintf_chk (in /usr/lib/system/libsystem_c.dylib)
==62697==    by 0x100135A02: json_object_double_to_json_string_format (json_object.c:1044)
==62697==    by 0x100133A7D: json_object_double_to_json_string_default (json_object.c:1101)
==62697==    by 0x100134203: json_object_to_json_string_length (json_object.c:458)
==62697== 
==62697== 44 bytes in 1 blocks are still reachable in loss record 19 of 47
==62697==    at 0x100123545: malloc (in /Users/ilmira/.brew/Cellar/valgrind/HEAD-6049595/lib/valgrind/vgpreload_memcheck-amd64-darwin.so)
==62697==    by 0x1003C371F: __Balloc_D2A (in /usr/lib/system/libsystem_c.dylib)
==62697==    by 0x1003C3BF9: __lshift_D2A (in /usr/lib/system/libsystem_c.dylib)
==62697==    by 0x1003C1373: __dtoa (in /usr/lib/system/libsystem_c.dylib)
==62697==    by 0x1003E72DD: __vfprintf (in /usr/lib/system/libsystem_c.dylib)
==62697==    by 0x10040DAD2: __v2printf (in /usr/lib/system/libsystem_c.dylib)
==62697==    by 0x1003F3EE6: _vsnprintf (in /usr/lib/system/libsystem_c.dylib)
==62697==    by 0x1003F3F8F: vsnprintf (in /usr/lib/system/libsystem_c.dylib)
==62697==    by 0x1004224B7: __snprintf_chk (in /usr/lib/system/libsystem_c.dylib)
==62697==    by 0x100135A02: json_object_double_to_json_string_format (json_object.c:1044)
==62697==    by 0x100135680: json_object_double_to_json_string (json_object.c:1107)
==62697==    by 0x100134203: json_object_to_json_string_length (json_object.c:458)
==62697== 
==62697== 44 bytes in 1 blocks are still reachable in loss record 20 of 47
==62697==    at 0x100123545: malloc (in /Users/ilmira/.brew/Cellar/valgrind/HEAD-6049595/lib/valgrind/vgpreload_memcheck-amd64-darwin.so)
==62697==    by 0x1003C371F: __Balloc_D2A (in /usr/lib/system/libsystem_c.dylib)
==62697==    by 0x1003C3BF9: __lshift_D2A (in /usr/lib/system/libsystem_c.dylib)
==62697==    by 0x1003C1387: __dtoa (in /usr/lib/system/libsystem_c.dylib)
==62697==    by 0x1003E72DD: __vfprintf (in /usr/lib/system/libsystem_c.dylib)
==62697==    by 0x10040DAD2: __v2printf (in /usr/lib/system/libsystem_c.dylib)
==62697==    by 0x1003F3EE6: _vsnprintf (in /usr/lib/system/libsystem_c.dylib)
==62697==    by 0x1003F3F8F: vsnprintf (in /usr/lib/system/libsystem_c.dylib)
==62697==    by 0x1004224B7: __snprintf_chk (in /usr/lib/system/libsystem_c.dylib)
==62697==    by 0x100135A02: json_object_double_to_json_string_format (json_object.c:1044)
==62697==    by 0x100135680: json_object_double_to_json_string (json_object.c:1107)
==62697==    by 0x100134203: json_object_to_json_string_length (json_object.c:458)
==62697== 
==62697== 44 bytes in 1 blocks are still reachable in loss record 21 of 47
==62697==    at 0x100123545: malloc (in /Users/ilmira/.brew/Cellar/valgrind/HEAD-6049595/lib/valgrind/vgpreload_memcheck-amd64-darwin.so)
==62697==    by 0x1003C371F: __Balloc_D2A (in /usr/lib/system/libsystem_c.dylib)
==62697==    by 0x1003C3BF9: __lshift_D2A (in /usr/lib/system/libsystem_c.dylib)
==62697==    by 0x1003C172D: __dtoa (in /usr/lib/system/libsystem_c.dylib)
==62697==    by 0x1003E72DD: __vfprintf (in /usr/lib/system/libsystem_c.dylib)
==62697==    by 0x10040DAD2: __v2printf (in /usr/lib/system/libsystem_c.dylib)
==62697==    by 0x1003F3EE6: _vsnprintf (in /usr/lib/system/libsystem_c.dylib)
==62697==    by 0x1003F3F8F: vsnprintf (in /usr/lib/system/libsystem_c.dylib)
==62697==    by 0x1004224B7: __snprintf_chk (in /usr/lib/system/libsystem_c.dylib)
==62697==    by 0x100135A02: json_object_double_to_json_string_format (json_object.c:1044)
==62697==    by 0x100135680: json_object_double_to_json_string (json_object.c:1107)
==62697==    by 0x100134203: json_object_to_json_string_length (json_object.c:458)
==62697== 
==62697== 80 bytes in 1 blocks are still reachable in loss record 27 of 47
==62697==    at 0x100123545: malloc (in /Users/ilmira/.brew/Cellar/valgrind/HEAD-6049595/lib/valgrind/vgpreload_memcheck-amd64-darwin.so)
==62697==    by 0x1003C369F: __Balloc_D2A (in /usr/lib/system/libsystem_c.dylib)
==62697==    by 0x1003C3EFC: __d2b_D2A (in /usr/lib/system/libsystem_c.dylib)
==62697==    by 0x1003C0B61: __dtoa (in /usr/lib/system/libsystem_c.dylib)
==62697==    by 0x1003E72DD: __vfprintf (in /usr/lib/system/libsystem_c.dylib)
==62697==    by 0x10040DAD2: __v2printf (in /usr/lib/system/libsystem_c.dylib)
==62697==    by 0x1003F3EE6: _vsnprintf (in /usr/lib/system/libsystem_c.dylib)
==62697==    by 0x1003F3F8F: vsnprintf (in /usr/lib/system/libsystem_c.dylib)
==62697==    by 0x1004224B7: __snprintf_chk (in /usr/lib/system/libsystem_c.dylib)
==62697==    by 0x100135A02: json_object_double_to_json_string_format (json_object.c:1044)
==62697==    by 0x100133A7D: json_object_double_to_json_string_default (json_object.c:1101)
==62697==    by 0x100134203: json_object_to_json_string_length (json_object.c:458)
==62697== 
==62697== 2,048 bytes in 1 blocks are still reachable in loss record 44 of 47
==62697==    at 0x100123545: malloc (in /Users/ilmira/.brew/Cellar/valgrind/HEAD-6049595/lib/valgrind/vgpreload_memcheck-amd64-darwin.so)
==62697==    by 0x100729079: objc::DenseMap<char const*, objc::detail::DenseSetEmpty, objc::DenseMapValueInfo<objc::detail::DenseSetEmpty>, objc::DenseMapInfo<char const*>, objc::detail::DenseSetPair<char const*> >::grow(unsigned int) (in /usr/lib/libobjc.A.dylib)
==62697==    by 0x10072900D: objc::detail::DenseSetPair<char const*>* objc::DenseMapBase<objc::DenseMap<char const*, objc::detail::DenseSetEmpty, objc::DenseMapValueInfo<objc::detail::DenseSetEmpty>, objc::DenseMapInfo<char const*>, objc::detail::DenseSetPair<char const*> >, char const*, objc::detail::DenseSetEmpty, objc::DenseMapValueInfo<objc::detail::DenseSetEmpty>, objc::DenseMapInfo<char const*>, objc::detail::DenseSetPair<char const*> >::InsertIntoBucketImpl<char const*>(char const* const&, char const* const&, objc::detail::DenseSetPair<char const*>*) (in /usr/lib/libobjc.A.dylib)
==62697==    by 0x10072CEC1: __sel_registerName(char const*, bool, bool) (in /usr/lib/libobjc.A.dylib)
==62697==    by 0x10071AD4B: fixupMethodList(method_list_t*, bool, bool) (in /usr/lib/libobjc.A.dylib)
==62697==    by 0x100710835: prepareMethodLists(objc_class*, method_list_t**, int, bool, bool) (in /usr/lib/libobjc.A.dylib)
==62697==    by 0x10072307C: realizeClassWithoutSwift(objc_class*, objc_class*) (in /usr/lib/libobjc.A.dylib)
==62697==    by 0x100722B7B: realizeClassWithoutSwift(objc_class*, objc_class*) (in /usr/lib/libobjc.A.dylib)
==62697==    by 0x100722B54: realizeClassWithoutSwift(objc_class*, objc_class*) (in /usr/lib/libobjc.A.dylib)
==62697==    by 0x100722B54: realizeClassWithoutSwift(objc_class*, objc_class*) (in /usr/lib/libobjc.A.dylib)
==62697==    by 0x100722B54: realizeClassWithoutSwift(objc_class*, objc_class*) (in /usr/lib/libobjc.A.dylib)
==62697==    by 0x10070EA1E: map_images_nolock (in /usr/lib/libobjc.A.dylib)
==62697== 
==62697== LEAK SUMMARY:
==62697==    definitely lost: 0 bytes in 0 blocks
==62697==    indirectly lost: 0 bytes in 0 blocks
==62697==      possibly lost: 0 bytes in 0 blocks
==62697==    still reachable: 2,408 bytes in 10 blocks
==62697==         suppressed: 16,027 bytes in 162 blocks
==62697== 
==62697== For lists of detected and suppressed errors, rerun with: -s
==62697== ERROR SUMMARY: 0 errors from 0 contexts (suppressed: 7 from 7)
