==63798== Memcheck, a memory error detector
==63798== Copyright (C) 2002-2017, and GNU GPL'd, by Julian Seward et al.
==63798== Using Valgrind-3.17.0.GIT and LibVEX; rerun with -h for copyright info
==63798== Command: /Users/ilmira/Desktop/json-c/tests/test_strerror /Users/ilmira/Desktop/json-c/tests
==63798== Parent PID: 63783
==63798== 
--63798-- run: /usr/bin/dsymutil "/Users/ilmira/Desktop/json-c/tests/test_strerror"
==63798== 
==63798== HEAP SUMMARY:
==63798==     in use at exit: 18,075 bytes in 163 blocks
==63798==   total heap usage: 177 allocs, 14 frees, 22,819 bytes allocated
==63798== 
==63798== 2,048 bytes in 1 blocks are still reachable in loss record 35 of 38
==63798==    at 0x100123545: malloc (in /Users/ilmira/.brew/Cellar/valgrind/HEAD-6049595/lib/valgrind/vgpreload_memcheck-amd64-darwin.so)
==63798==    by 0x100729079: objc::DenseMap<char const*, objc::detail::DenseSetEmpty, objc::DenseMapValueInfo<objc::detail::DenseSetEmpty>, objc::DenseMapInfo<char const*>, objc::detail::DenseSetPair<char const*> >::grow(unsigned int) (in /usr/lib/libobjc.A.dylib)
==63798==    by 0x10072900D: objc::detail::DenseSetPair<char const*>* objc::DenseMapBase<objc::DenseMap<char const*, objc::detail::DenseSetEmpty, objc::DenseMapValueInfo<objc::detail::DenseSetEmpty>, objc::DenseMapInfo<char const*>, objc::detail::DenseSetPair<char const*> >, char const*, objc::detail::DenseSetEmpty, objc::DenseMapValueInfo<objc::detail::DenseSetEmpty>, objc::DenseMapInfo<char const*>, objc::detail::DenseSetPair<char const*> >::InsertIntoBucketImpl<char const*>(char const* const&, char const* const&, objc::detail::DenseSetPair<char const*>*) (in /usr/lib/libobjc.A.dylib)
==63798==    by 0x10072CEC1: __sel_registerName(char const*, bool, bool) (in /usr/lib/libobjc.A.dylib)
==63798==    by 0x10071AD4B: fixupMethodList(method_list_t*, bool, bool) (in /usr/lib/libobjc.A.dylib)
==63798==    by 0x100710835: prepareMethodLists(objc_class*, method_list_t**, int, bool, bool) (in /usr/lib/libobjc.A.dylib)
==63798==    by 0x10072307C: realizeClassWithoutSwift(objc_class*, objc_class*) (in /usr/lib/libobjc.A.dylib)
==63798==    by 0x100722B7B: realizeClassWithoutSwift(objc_class*, objc_class*) (in /usr/lib/libobjc.A.dylib)
==63798==    by 0x100722B54: realizeClassWithoutSwift(objc_class*, objc_class*) (in /usr/lib/libobjc.A.dylib)
==63798==    by 0x100722B54: realizeClassWithoutSwift(objc_class*, objc_class*) (in /usr/lib/libobjc.A.dylib)
==63798==    by 0x100722B54: realizeClassWithoutSwift(objc_class*, objc_class*) (in /usr/lib/libobjc.A.dylib)
==63798==    by 0x10070EA1E: map_images_nolock (in /usr/lib/libobjc.A.dylib)
==63798== 
==63798== 4,096 bytes in 1 blocks are still reachable in loss record 38 of 38
==63798==    at 0x100123545: malloc (in /Users/ilmira/.brew/Cellar/valgrind/HEAD-6049595/lib/valgrind/vgpreload_memcheck-amd64-darwin.so)
==63798==    by 0x1003E1367: __smakebuf (in /usr/lib/system/libsystem_c.dylib)
==63798==    by 0x1003F4C4D: __swsetup (in /usr/lib/system/libsystem_c.dylib)
==63798==    by 0x1003E0596: __sfvwrite (in /usr/lib/system/libsystem_c.dylib)
==63798==    by 0x1003E46B9: puts (in /usr/lib/system/libsystem_c.dylib)
==63798==    by 0x100003B27: main (test_strerror.c:8)
==63798== 
==63798== LEAK SUMMARY:
==63798==    definitely lost: 0 bytes in 0 blocks
==63798==    indirectly lost: 0 bytes in 0 blocks
==63798==      possibly lost: 0 bytes in 0 blocks
==63798==    still reachable: 6,144 bytes in 2 blocks
==63798==         suppressed: 11,931 bytes in 161 blocks
==63798== 
==63798== For lists of detected and suppressed errors, rerun with: -s
==63798== ERROR SUMMARY: 0 errors from 0 contexts (suppressed: 7 from 7)
