==63425== Memcheck, a memory error detector
==63425== Copyright (C) 2002-2017, and GNU GPL'd, by Julian Seward et al.
==63425== Using Valgrind-3.17.0.GIT and LibVEX; rerun with -h for copyright info
==63425== Command: /Users/ilmira/Desktop/json-c/tests/test_printbuf /Users/ilmira/Desktop/json-c/tests
==63425== Parent PID: 63410
==63425== 
--63425-- run: /usr/bin/dsymutil "/Users/ilmira/Desktop/json-c/tests/test_printbuf"
==63425== Conditional jump or move depends on uninitialised value(s)
==63425==    at 0x1006376E1: _platform_strnlen (in /usr/lib/system/libsystem_platform.dylib)
==63425==    by 0x1003E7882: __vfprintf (in /usr/lib/system/libsystem_c.dylib)
==63425==    by 0x10040DAD2: __v2printf (in /usr/lib/system/libsystem_c.dylib)
==63425==    by 0x1003E62B1: vfprintf_l (in /usr/lib/system/libsystem_c.dylib)
==63425==    by 0x1003E441D: printf (in /usr/lib/system/libsystem_c.dylib)
==63425==    by 0x100003189: test_basic_printbuf_memset (test_printbuf.c:27)
==63425==    by 0x1000030A1: main (test_printbuf.c:176)
==63425== 
==63425== Conditional jump or move depends on uninitialised value(s)
==63425==    at 0x1006376F2: _platform_strnlen (in /usr/lib/system/libsystem_platform.dylib)
==63425==    by 0x1003E7882: __vfprintf (in /usr/lib/system/libsystem_c.dylib)
==63425==    by 0x10040DAD2: __v2printf (in /usr/lib/system/libsystem_c.dylib)
==63425==    by 0x1003E62B1: vfprintf_l (in /usr/lib/system/libsystem_c.dylib)
==63425==    by 0x1003E441D: printf (in /usr/lib/system/libsystem_c.dylib)
==63425==    by 0x100003189: test_basic_printbuf_memset (test_printbuf.c:27)
==63425==    by 0x1000030A1: main (test_printbuf.c:176)
==63425== 
==63425== Conditional jump or move depends on uninitialised value(s)
==63425==    at 0x1003E78A4: __vfprintf (in /usr/lib/system/libsystem_c.dylib)
==63425==    by 0x10040DAD2: __v2printf (in /usr/lib/system/libsystem_c.dylib)
==63425==    by 0x1003E62B1: vfprintf_l (in /usr/lib/system/libsystem_c.dylib)
==63425==    by 0x1003E441D: printf (in /usr/lib/system/libsystem_c.dylib)
==63425==    by 0x100003189: test_basic_printbuf_memset (test_printbuf.c:27)
==63425==    by 0x1000030A1: main (test_printbuf.c:176)
==63425== 
==63425== Conditional jump or move depends on uninitialised value(s)
==63425==    at 0x1003E7F05: __vfprintf (in /usr/lib/system/libsystem_c.dylib)
==63425==    by 0x10040DAD2: __v2printf (in /usr/lib/system/libsystem_c.dylib)
==63425==    by 0x1003E62B1: vfprintf_l (in /usr/lib/system/libsystem_c.dylib)
==63425==    by 0x1003E441D: printf (in /usr/lib/system/libsystem_c.dylib)
==63425==    by 0x100003189: test_basic_printbuf_memset (test_printbuf.c:27)
==63425==    by 0x1000030A1: main (test_printbuf.c:176)
==63425== 
==63425== Conditional jump or move depends on uninitialised value(s)
==63425==    at 0x1003E7F2E: __vfprintf (in /usr/lib/system/libsystem_c.dylib)
==63425==    by 0x10040DAD2: __v2printf (in /usr/lib/system/libsystem_c.dylib)
==63425==    by 0x1003E62B1: vfprintf_l (in /usr/lib/system/libsystem_c.dylib)
==63425==    by 0x1003E441D: printf (in /usr/lib/system/libsystem_c.dylib)
==63425==    by 0x100003189: test_basic_printbuf_memset (test_printbuf.c:27)
==63425==    by 0x1000030A1: main (test_printbuf.c:176)
==63425== 
==63425== Conditional jump or move depends on uninitialised value(s)
==63425==    at 0x1003E81CA: __vfprintf (in /usr/lib/system/libsystem_c.dylib)
==63425==    by 0x10040DAD2: __v2printf (in /usr/lib/system/libsystem_c.dylib)
==63425==    by 0x1003E62B1: vfprintf_l (in /usr/lib/system/libsystem_c.dylib)
==63425==    by 0x1003E441D: printf (in /usr/lib/system/libsystem_c.dylib)
==63425==    by 0x100003189: test_basic_printbuf_memset (test_printbuf.c:27)
==63425==    by 0x1000030A1: main (test_printbuf.c:176)
==63425== 
==63425== Conditional jump or move depends on uninitialised value(s)
==63425==    at 0x1003E8CB7: __vfprintf (in /usr/lib/system/libsystem_c.dylib)
==63425==    by 0x10040DAD2: __v2printf (in /usr/lib/system/libsystem_c.dylib)
==63425==    by 0x1003E62B1: vfprintf_l (in /usr/lib/system/libsystem_c.dylib)
==63425==    by 0x1003E441D: printf (in /usr/lib/system/libsystem_c.dylib)
==63425==    by 0x100003189: test_basic_printbuf_memset (test_printbuf.c:27)
==63425==    by 0x1000030A1: main (test_printbuf.c:176)
==63425== 
==63425== Conditional jump or move depends on uninitialised value(s)
==63425==    at 0x1003E056C: __sfvwrite (in /usr/lib/system/libsystem_c.dylib)
==63425==    by 0x1003E8CCB: __vfprintf (in /usr/lib/system/libsystem_c.dylib)
==63425==    by 0x10040DAD2: __v2printf (in /usr/lib/system/libsystem_c.dylib)
==63425==    by 0x1003E62B1: vfprintf_l (in /usr/lib/system/libsystem_c.dylib)
==63425==    by 0x1003E441D: printf (in /usr/lib/system/libsystem_c.dylib)
==63425==    by 0x100003189: test_basic_printbuf_memset (test_printbuf.c:27)
==63425==    by 0x1000030A1: main (test_printbuf.c:176)
==63425== 
==63425== Conditional jump or move depends on uninitialised value(s)
==63425==    at 0x1003E071F: __sfvwrite (in /usr/lib/system/libsystem_c.dylib)
==63425==    by 0x1003E8CCB: __vfprintf (in /usr/lib/system/libsystem_c.dylib)
==63425==    by 0x10040DAD2: __v2printf (in /usr/lib/system/libsystem_c.dylib)
==63425==    by 0x1003E62B1: vfprintf_l (in /usr/lib/system/libsystem_c.dylib)
==63425==    by 0x1003E441D: printf (in /usr/lib/system/libsystem_c.dylib)
==63425==    by 0x100003189: test_basic_printbuf_memset (test_printbuf.c:27)
==63425==    by 0x1000030A1: main (test_printbuf.c:176)
==63425== 
==63425== Conditional jump or move depends on uninitialised value(s)
==63425==    at 0x1003E05E3: __sfvwrite (in /usr/lib/system/libsystem_c.dylib)
==63425==    by 0x1003E8CCB: __vfprintf (in /usr/lib/system/libsystem_c.dylib)
==63425==    by 0x10040DAD2: __v2printf (in /usr/lib/system/libsystem_c.dylib)
==63425==    by 0x1003E62B1: vfprintf_l (in /usr/lib/system/libsystem_c.dylib)
==63425==    by 0x1003E441D: printf (in /usr/lib/system/libsystem_c.dylib)
==63425==    by 0x100003189: test_basic_printbuf_memset (test_printbuf.c:27)
==63425==    by 0x1000030A1: main (test_printbuf.c:176)
==63425== 
==63425== Conditional jump or move depends on uninitialised value(s)
==63425==    at 0x1003E067A: __sfvwrite (in /usr/lib/system/libsystem_c.dylib)
==63425==    by 0x1003E8CCB: __vfprintf (in /usr/lib/system/libsystem_c.dylib)
==63425==    by 0x10040DAD2: __v2printf (in /usr/lib/system/libsystem_c.dylib)
==63425==    by 0x1003E62B1: vfprintf_l (in /usr/lib/system/libsystem_c.dylib)
==63425==    by 0x1003E441D: printf (in /usr/lib/system/libsystem_c.dylib)
==63425==    by 0x100003189: test_basic_printbuf_memset (test_printbuf.c:27)
==63425==    by 0x1000030A1: main (test_printbuf.c:176)
==63425== 
==63425== Conditional jump or move depends on uninitialised value(s)
==63425==    at 0x1003E06D5: __sfvwrite (in /usr/lib/system/libsystem_c.dylib)
==63425==    by 0x1003E8CCB: __vfprintf (in /usr/lib/system/libsystem_c.dylib)
==63425==    by 0x10040DAD2: __v2printf (in /usr/lib/system/libsystem_c.dylib)
==63425==    by 0x1003E62B1: vfprintf_l (in /usr/lib/system/libsystem_c.dylib)
==63425==    by 0x1003E441D: printf (in /usr/lib/system/libsystem_c.dylib)
==63425==    by 0x100003189: test_basic_printbuf_memset (test_printbuf.c:27)
==63425==    by 0x1000030A1: main (test_printbuf.c:176)
==63425== 
==63425== Conditional jump or move depends on uninitialised value(s)
==63425==    at 0x100125E80: _platform_memmove$VARIANT$Ivybridge (in /Users/ilmira/.brew/Cellar/valgrind/HEAD-6049595/lib/valgrind/vgpreload_memcheck-amd64-darwin.so)
==63425==    by 0x1003E06E4: __sfvwrite (in /usr/lib/system/libsystem_c.dylib)
==63425==    by 0x1003E8CCB: __vfprintf (in /usr/lib/system/libsystem_c.dylib)
==63425==    by 0x10040DAD2: __v2printf (in /usr/lib/system/libsystem_c.dylib)
==63425==    by 0x1003E62B1: vfprintf_l (in /usr/lib/system/libsystem_c.dylib)
==63425==    by 0x1003E441D: printf (in /usr/lib/system/libsystem_c.dylib)
==63425==    by 0x100003189: test_basic_printbuf_memset (test_printbuf.c:27)
==63425==    by 0x1000030A1: main (test_printbuf.c:176)
==63425== 
==63425== Conditional jump or move depends on uninitialised value(s)
==63425==    at 0x100125F43: _platform_memmove$VARIANT$Ivybridge (in /Users/ilmira/.brew/Cellar/valgrind/HEAD-6049595/lib/valgrind/vgpreload_memcheck-amd64-darwin.so)
==63425==    by 0x1003E06E4: __sfvwrite (in /usr/lib/system/libsystem_c.dylib)
==63425==    by 0x1003E8CCB: __vfprintf (in /usr/lib/system/libsystem_c.dylib)
==63425==    by 0x10040DAD2: __v2printf (in /usr/lib/system/libsystem_c.dylib)
==63425==    by 0x1003E62B1: vfprintf_l (in /usr/lib/system/libsystem_c.dylib)
==63425==    by 0x1003E441D: printf (in /usr/lib/system/libsystem_c.dylib)
==63425==    by 0x100003189: test_basic_printbuf_memset (test_printbuf.c:27)
==63425==    by 0x1000030A1: main (test_printbuf.c:176)
==63425== 
==63425== Conditional jump or move depends on uninitialised value(s)
==63425==    at 0x100125F63: _platform_memmove$VARIANT$Ivybridge (in /Users/ilmira/.brew/Cellar/valgrind/HEAD-6049595/lib/valgrind/vgpreload_memcheck-amd64-darwin.so)
==63425==    by 0x1003E06E4: __sfvwrite (in /usr/lib/system/libsystem_c.dylib)
==63425==    by 0x1003E8CCB: __vfprintf (in /usr/lib/system/libsystem_c.dylib)
==63425==    by 0x10040DAD2: __v2printf (in /usr/lib/system/libsystem_c.dylib)
==63425==    by 0x1003E62B1: vfprintf_l (in /usr/lib/system/libsystem_c.dylib)
==63425==    by 0x1003E441D: printf (in /usr/lib/system/libsystem_c.dylib)
==63425==    by 0x100003189: test_basic_printbuf_memset (test_printbuf.c:27)
==63425==    by 0x1000030A1: main (test_printbuf.c:176)
==63425== 
==63425== Conditional jump or move depends on uninitialised value(s)
==63425==    at 0x100125F6D: _platform_memmove$VARIANT$Ivybridge (in /Users/ilmira/.brew/Cellar/valgrind/HEAD-6049595/lib/valgrind/vgpreload_memcheck-amd64-darwin.so)
==63425==    by 0x1003E06E4: __sfvwrite (in /usr/lib/system/libsystem_c.dylib)
==63425==    by 0x1003E8CCB: __vfprintf (in /usr/lib/system/libsystem_c.dylib)
==63425==    by 0x10040DAD2: __v2printf (in /usr/lib/system/libsystem_c.dylib)
==63425==    by 0x1003E62B1: vfprintf_l (in /usr/lib/system/libsystem_c.dylib)
==63425==    by 0x1003E441D: printf (in /usr/lib/system/libsystem_c.dylib)
==63425==    by 0x100003189: test_basic_printbuf_memset (test_printbuf.c:27)
==63425==    by 0x1000030A1: main (test_printbuf.c:176)
==63425== 
==63425== Conditional jump or move depends on uninitialised value(s)
==63425==    at 0x1003E64BE: __vfprintf (in /usr/lib/system/libsystem_c.dylib)
==63425==    by 0x10040DAD2: __v2printf (in /usr/lib/system/libsystem_c.dylib)
==63425==    by 0x1003E62B1: vfprintf_l (in /usr/lib/system/libsystem_c.dylib)
==63425==    by 0x1003E441D: printf (in /usr/lib/system/libsystem_c.dylib)
==63425==    by 0x100003189: test_basic_printbuf_memset (test_printbuf.c:27)
==63425==    by 0x1000030A1: main (test_printbuf.c:176)
==63425== 
==63425== Conditional jump or move depends on uninitialised value(s)
==63425==    at 0x1003E067A: __sfvwrite (in /usr/lib/system/libsystem_c.dylib)
==63425==    by 0x1003EA4FF: __vfprintf (in /usr/lib/system/libsystem_c.dylib)
==63425==    by 0x10040DAD2: __v2printf (in /usr/lib/system/libsystem_c.dylib)
==63425==    by 0x1003E62B1: vfprintf_l (in /usr/lib/system/libsystem_c.dylib)
==63425==    by 0x1003E441D: printf (in /usr/lib/system/libsystem_c.dylib)
==63425==    by 0x100003189: test_basic_printbuf_memset (test_printbuf.c:27)
==63425==    by 0x1000030A1: main (test_printbuf.c:176)
==63425== 
==63425== Conditional jump or move depends on uninitialised value(s)
==63425==    at 0x100125E89: _platform_memmove$VARIANT$Ivybridge (in /Users/ilmira/.brew/Cellar/valgrind/HEAD-6049595/lib/valgrind/vgpreload_memcheck-amd64-darwin.so)
==63425==    by 0x1003E06E4: __sfvwrite (in /usr/lib/system/libsystem_c.dylib)
==63425==    by 0x1003EA4FF: __vfprintf (in /usr/lib/system/libsystem_c.dylib)
==63425==    by 0x10040DAD2: __v2printf (in /usr/lib/system/libsystem_c.dylib)
==63425==    by 0x1003E62B1: vfprintf_l (in /usr/lib/system/libsystem_c.dylib)
==63425==    by 0x1003E441D: printf (in /usr/lib/system/libsystem_c.dylib)
==63425==    by 0x100003189: test_basic_printbuf_memset (test_printbuf.c:27)
==63425==    by 0x1000030A1: main (test_printbuf.c:176)
==63425== 
==63425== Conditional jump or move depends on uninitialised value(s)
==63425==    at 0x100125F8B: _platform_memmove$VARIANT$Ivybridge (in /Users/ilmira/.brew/Cellar/valgrind/HEAD-6049595/lib/valgrind/vgpreload_memcheck-amd64-darwin.so)
==63425==    by 0x1003E06E4: __sfvwrite (in /usr/lib/system/libsystem_c.dylib)
==63425==    by 0x1003EA4FF: __vfprintf (in /usr/lib/system/libsystem_c.dylib)
==63425==    by 0x10040DAD2: __v2printf (in /usr/lib/system/libsystem_c.dylib)
==63425==    by 0x1003E62B1: vfprintf_l (in /usr/lib/system/libsystem_c.dylib)
==63425==    by 0x1003E441D: printf (in /usr/lib/system/libsystem_c.dylib)
==63425==    by 0x100003189: test_basic_printbuf_memset (test_printbuf.c:27)
==63425==    by 0x1000030A1: main (test_printbuf.c:176)
==63425== 
==63425== Conditional jump or move depends on uninitialised value(s)
==63425==    at 0x100125F99: _platform_memmove$VARIANT$Ivybridge (in /Users/ilmira/.brew/Cellar/valgrind/HEAD-6049595/lib/valgrind/vgpreload_memcheck-amd64-darwin.so)
==63425==    by 0x1003E06E4: __sfvwrite (in /usr/lib/system/libsystem_c.dylib)
==63425==    by 0x1003EA4FF: __vfprintf (in /usr/lib/system/libsystem_c.dylib)
==63425==    by 0x10040DAD2: __v2printf (in /usr/lib/system/libsystem_c.dylib)
==63425==    by 0x1003E62B1: vfprintf_l (in /usr/lib/system/libsystem_c.dylib)
==63425==    by 0x1003E441D: printf (in /usr/lib/system/libsystem_c.dylib)
==63425==    by 0x100003189: test_basic_printbuf_memset (test_printbuf.c:27)
==63425==    by 0x1000030A1: main (test_printbuf.c:176)
==63425== 
==63425== Conditional jump or move depends on uninitialised value(s)
==63425==    at 0x100125E99: _platform_memmove$VARIANT$Ivybridge (in /Users/ilmira/.brew/Cellar/valgrind/HEAD-6049595/lib/valgrind/vgpreload_memcheck-amd64-darwin.so)
==63425==    by 0x1003E06E4: __sfvwrite (in /usr/lib/system/libsystem_c.dylib)
==63425==    by 0x1003EA4FF: __vfprintf (in /usr/lib/system/libsystem_c.dylib)
==63425==    by 0x10040DAD2: __v2printf (in /usr/lib/system/libsystem_c.dylib)
==63425==    by 0x1003E62B1: vfprintf_l (in /usr/lib/system/libsystem_c.dylib)
==63425==    by 0x1003E441D: printf (in /usr/lib/system/libsystem_c.dylib)
==63425==    by 0x100003189: test_basic_printbuf_memset (test_printbuf.c:27)
==63425==    by 0x1000030A1: main (test_printbuf.c:176)
==63425== 
==63425== Use of uninitialised value of size 8
==63425==    at 0x100125EA7: _platform_memmove$VARIANT$Ivybridge (in /Users/ilmira/.brew/Cellar/valgrind/HEAD-6049595/lib/valgrind/vgpreload_memcheck-amd64-darwin.so)
==63425==    by 0x1003E06E4: __sfvwrite (in /usr/lib/system/libsystem_c.dylib)
==63425==    by 0x1003EA4FF: __vfprintf (in /usr/lib/system/libsystem_c.dylib)
==63425==    by 0x10040DAD2: __v2printf (in /usr/lib/system/libsystem_c.dylib)
==63425==    by 0x1003E62B1: vfprintf_l (in /usr/lib/system/libsystem_c.dylib)
==63425==    by 0x1003E441D: printf (in /usr/lib/system/libsystem_c.dylib)
==63425==    by 0x100003189: test_basic_printbuf_memset (test_printbuf.c:27)
==63425==    by 0x1000030A1: main (test_printbuf.c:176)
==63425== 
==63425== Conditional jump or move depends on uninitialised value(s)
==63425==    at 0x100125E89: _platform_memmove$VARIANT$Ivybridge (in /Users/ilmira/.brew/Cellar/valgrind/HEAD-6049595/lib/valgrind/vgpreload_memcheck-amd64-darwin.so)
==63425==    by 0x1003E06E4: __sfvwrite (in /usr/lib/system/libsystem_c.dylib)
==63425==    by 0x1003E8CCB: __vfprintf (in /usr/lib/system/libsystem_c.dylib)
==63425==    by 0x10040DAD2: __v2printf (in /usr/lib/system/libsystem_c.dylib)
==63425==    by 0x1003E62B1: vfprintf_l (in /usr/lib/system/libsystem_c.dylib)
==63425==    by 0x1003E441D: printf (in /usr/lib/system/libsystem_c.dylib)
==63425==    by 0x1000031AA: test_basic_printbuf_memset (test_printbuf.c:29)
==63425==    by 0x1000030A1: main (test_printbuf.c:176)
==63425== 
==63425== Conditional jump or move depends on uninitialised value(s)
==63425==    at 0x100125F8B: _platform_memmove$VARIANT$Ivybridge (in /Users/ilmira/.brew/Cellar/valgrind/HEAD-6049595/lib/valgrind/vgpreload_memcheck-amd64-darwin.so)
==63425==    by 0x1003E06E4: __sfvwrite (in /usr/lib/system/libsystem_c.dylib)
==63425==    by 0x1003E8CCB: __vfprintf (in /usr/lib/system/libsystem_c.dylib)
==63425==    by 0x10040DAD2: __v2printf (in /usr/lib/system/libsystem_c.dylib)
==63425==    by 0x1003E62B1: vfprintf_l (in /usr/lib/system/libsystem_c.dylib)
==63425==    by 0x1003E441D: printf (in /usr/lib/system/libsystem_c.dylib)
==63425==    by 0x1000031AA: test_basic_printbuf_memset (test_printbuf.c:29)
==63425==    by 0x1000030A1: main (test_printbuf.c:176)
==63425== 
==63425== Conditional jump or move depends on uninitialised value(s)
==63425==    at 0x100125F99: _platform_memmove$VARIANT$Ivybridge (in /Users/ilmira/.brew/Cellar/valgrind/HEAD-6049595/lib/valgrind/vgpreload_memcheck-amd64-darwin.so)
==63425==    by 0x1003E06E4: __sfvwrite (in /usr/lib/system/libsystem_c.dylib)
==63425==    by 0x1003E8CCB: __vfprintf (in /usr/lib/system/libsystem_c.dylib)
==63425==    by 0x10040DAD2: __v2printf (in /usr/lib/system/libsystem_c.dylib)
==63425==    by 0x1003E62B1: vfprintf_l (in /usr/lib/system/libsystem_c.dylib)
==63425==    by 0x1003E441D: printf (in /usr/lib/system/libsystem_c.dylib)
==63425==    by 0x1000031AA: test_basic_printbuf_memset (test_printbuf.c:29)
==63425==    by 0x1000030A1: main (test_printbuf.c:176)
==63425== 
==63425== Conditional jump or move depends on uninitialised value(s)
==63425==    at 0x100125E99: _platform_memmove$VARIANT$Ivybridge (in /Users/ilmira/.brew/Cellar/valgrind/HEAD-6049595/lib/valgrind/vgpreload_memcheck-amd64-darwin.so)
==63425==    by 0x1003E06E4: __sfvwrite (in /usr/lib/system/libsystem_c.dylib)
==63425==    by 0x1003E8CCB: __vfprintf (in /usr/lib/system/libsystem_c.dylib)
==63425==    by 0x10040DAD2: __v2printf (in /usr/lib/system/libsystem_c.dylib)
==63425==    by 0x1003E62B1: vfprintf_l (in /usr/lib/system/libsystem_c.dylib)
==63425==    by 0x1003E441D: printf (in /usr/lib/system/libsystem_c.dylib)
==63425==    by 0x1000031AA: test_basic_printbuf_memset (test_printbuf.c:29)
==63425==    by 0x1000030A1: main (test_printbuf.c:176)
==63425== 
==63425== Use of uninitialised value of size 8
==63425==    at 0x100125EA7: _platform_memmove$VARIANT$Ivybridge (in /Users/ilmira/.brew/Cellar/valgrind/HEAD-6049595/lib/valgrind/vgpreload_memcheck-amd64-darwin.so)
==63425==    by 0x1003E06E4: __sfvwrite (in /usr/lib/system/libsystem_c.dylib)
==63425==    by 0x1003E8CCB: __vfprintf (in /usr/lib/system/libsystem_c.dylib)
==63425==    by 0x10040DAD2: __v2printf (in /usr/lib/system/libsystem_c.dylib)
==63425==    by 0x1003E62B1: vfprintf_l (in /usr/lib/system/libsystem_c.dylib)
==63425==    by 0x1003E441D: printf (in /usr/lib/system/libsystem_c.dylib)
==63425==    by 0x1000031AA: test_basic_printbuf_memset (test_printbuf.c:29)
==63425==    by 0x1000030A1: main (test_printbuf.c:176)
==63425== 
==63425== Conditional jump or move depends on uninitialised value(s)
==63425==    at 0x100125F3D: _platform_memmove$VARIANT$Ivybridge (in /Users/ilmira/.brew/Cellar/valgrind/HEAD-6049595/lib/valgrind/vgpreload_memcheck-amd64-darwin.so)
==63425==    by 0x1003E06E4: __sfvwrite (in /usr/lib/system/libsystem_c.dylib)
==63425==    by 0x1003EA4FF: __vfprintf (in /usr/lib/system/libsystem_c.dylib)
==63425==    by 0x10040DAD2: __v2printf (in /usr/lib/system/libsystem_c.dylib)
==63425==    by 0x1003E62B1: vfprintf_l (in /usr/lib/system/libsystem_c.dylib)
==63425==    by 0x1003E441D: printf (in /usr/lib/system/libsystem_c.dylib)
==63425==    by 0x1000031AA: test_basic_printbuf_memset (test_printbuf.c:29)
==63425==    by 0x1000030A1: main (test_printbuf.c:176)
==63425== 
==63425== Use of uninitialised value of size 8
==63425==    at 0x100125F75: _platform_memmove$VARIANT$Ivybridge (in /Users/ilmira/.brew/Cellar/valgrind/HEAD-6049595/lib/valgrind/vgpreload_memcheck-amd64-darwin.so)
==63425==    by 0x1003E06E4: __sfvwrite (in /usr/lib/system/libsystem_c.dylib)
==63425==    by 0x1003EA4FF: __vfprintf (in /usr/lib/system/libsystem_c.dylib)
==63425==    by 0x10040DAD2: __v2printf (in /usr/lib/system/libsystem_c.dylib)
==63425==    by 0x1003E62B1: vfprintf_l (in /usr/lib/system/libsystem_c.dylib)
==63425==    by 0x1003E441D: printf (in /usr/lib/system/libsystem_c.dylib)
==63425==    by 0x1000031AA: test_basic_printbuf_memset (test_printbuf.c:29)
==63425==    by 0x1000030A1: main (test_printbuf.c:176)
==63425== 
==63425== Conditional jump or move depends on uninitialised value(s)
==63425==    at 0x100125F43: _platform_memmove$VARIANT$Ivybridge (in /Users/ilmira/.brew/Cellar/valgrind/HEAD-6049595/lib/valgrind/vgpreload_memcheck-amd64-darwin.so)
==63425==    by 0x1003E06E4: __sfvwrite (in /usr/lib/system/libsystem_c.dylib)
==63425==    by 0x1003EA4FF: __vfprintf (in /usr/lib/system/libsystem_c.dylib)
==63425==    by 0x10040DAD2: __v2printf (in /usr/lib/system/libsystem_c.dylib)
==63425==    by 0x1003E62B1: vfprintf_l (in /usr/lib/system/libsystem_c.dylib)
==63425==    by 0x1003E441D: printf (in /usr/lib/system/libsystem_c.dylib)
==63425==    by 0x1000030AF: main (test_printbuf.c:177)
==63425== 
==63425== Use of uninitialised value of size 8
==63425==    at 0x100125F51: _platform_memmove$VARIANT$Ivybridge (in /Users/ilmira/.brew/Cellar/valgrind/HEAD-6049595/lib/valgrind/vgpreload_memcheck-amd64-darwin.so)
==63425==    by 0x1003E06E4: __sfvwrite (in /usr/lib/system/libsystem_c.dylib)
==63425==    by 0x1003EA4FF: __vfprintf (in /usr/lib/system/libsystem_c.dylib)
==63425==    by 0x10040DAD2: __v2printf (in /usr/lib/system/libsystem_c.dylib)
==63425==    by 0x1003E62B1: vfprintf_l (in /usr/lib/system/libsystem_c.dylib)
==63425==    by 0x1003E441D: printf (in /usr/lib/system/libsystem_c.dylib)
==63425==    by 0x1000030AF: main (test_printbuf.c:177)
==63425== 
==63425== Conditional jump or move depends on uninitialised value(s)
==63425==    at 0x100125F3D: _platform_memmove$VARIANT$Ivybridge (in /Users/ilmira/.brew/Cellar/valgrind/HEAD-6049595/lib/valgrind/vgpreload_memcheck-amd64-darwin.so)
==63425==    by 0x1003E06E4: __sfvwrite (in /usr/lib/system/libsystem_c.dylib)
==63425==    by 0x1003E8CCB: __vfprintf (in /usr/lib/system/libsystem_c.dylib)
==63425==    by 0x10040DAD2: __v2printf (in /usr/lib/system/libsystem_c.dylib)
==63425==    by 0x1003E62B1: vfprintf_l (in /usr/lib/system/libsystem_c.dylib)
==63425==    by 0x1003E441D: printf (in /usr/lib/system/libsystem_c.dylib)
==63425==    by 0x1000031DC: test_printbuf_memset_length (test_printbuf.c:36)
==63425==    by 0x1000030B7: main (test_printbuf.c:178)
==63425== 
==63425== Use of uninitialised value of size 8
==63425==    at 0x100125F75: _platform_memmove$VARIANT$Ivybridge (in /Users/ilmira/.brew/Cellar/valgrind/HEAD-6049595/lib/valgrind/vgpreload_memcheck-amd64-darwin.so)
==63425==    by 0x1003E06E4: __sfvwrite (in /usr/lib/system/libsystem_c.dylib)
==63425==    by 0x1003E8CCB: __vfprintf (in /usr/lib/system/libsystem_c.dylib)
==63425==    by 0x10040DAD2: __v2printf (in /usr/lib/system/libsystem_c.dylib)
==63425==    by 0x1003E62B1: vfprintf_l (in /usr/lib/system/libsystem_c.dylib)
==63425==    by 0x1003E441D: printf (in /usr/lib/system/libsystem_c.dylib)
==63425==    by 0x1000031DC: test_printbuf_memset_length (test_printbuf.c:36)
==63425==    by 0x1000030B7: main (test_printbuf.c:178)
==63425== 
==63425== Use of uninitialised value of size 8
==63425==    at 0x100125F51: _platform_memmove$VARIANT$Ivybridge (in /Users/ilmira/.brew/Cellar/valgrind/HEAD-6049595/lib/valgrind/vgpreload_memcheck-amd64-darwin.so)
==63425==    by 0x1003E06E4: __sfvwrite (in /usr/lib/system/libsystem_c.dylib)
==63425==    by 0x1003E8CCB: __vfprintf (in /usr/lib/system/libsystem_c.dylib)
==63425==    by 0x10040DAD2: __v2printf (in /usr/lib/system/libsystem_c.dylib)
==63425==    by 0x1003E62B1: vfprintf_l (in /usr/lib/system/libsystem_c.dylib)
==63425==    by 0x1003E441D: printf (in /usr/lib/system/libsystem_c.dylib)
==63425==    by 0x100003275: test_printbuf_memset_length (test_printbuf.c:43)
==63425==    by 0x1000030B7: main (test_printbuf.c:178)
==63425== 
==63425== Use of uninitialised value of size 8
==63425==    at 0x100125F16: _platform_memmove$VARIANT$Ivybridge (in /Users/ilmira/.brew/Cellar/valgrind/HEAD-6049595/lib/valgrind/vgpreload_memcheck-amd64-darwin.so)
==63425==    by 0x1003E06E4: __sfvwrite (in /usr/lib/system/libsystem_c.dylib)
==63425==    by 0x1003E8CCB: __vfprintf (in /usr/lib/system/libsystem_c.dylib)
==63425==    by 0x10040DAD2: __v2printf (in /usr/lib/system/libsystem_c.dylib)
==63425==    by 0x1003E62B1: vfprintf_l (in /usr/lib/system/libsystem_c.dylib)
==63425==    by 0x1003E441D: printf (in /usr/lib/system/libsystem_c.dylib)
==63425==    by 0x100003ADF: test_sprintbuf (test_printbuf.c:156)
==63425==    by 0x1000030EA: main (test_printbuf.c:182)
==63425== 
==63425== Conditional jump or move depends on uninitialised value(s)
==63425==    at 0x1003DE0B3: __sflush (in /usr/lib/system/libsystem_c.dylib)
==63425==    by 0x1003DE01B: fflush (in /usr/lib/system/libsystem_c.dylib)
==63425==    by 0x1007AC20A: std::__1::__stdoutbuf<char>::sync() (in /usr/lib/libc++.1.dylib)
==63425==    by 0x1007A24E8: std::__1::basic_ostream<char, std::__1::char_traits<char> >::flush() (in /usr/lib/libc++.1.dylib)
==63425==    by 0x1007AB889: std::__1::DoIOSInit::~DoIOSInit() (in /usr/lib/libc++.1.dylib)
==63425==    by 0x1003FF13B: __cxa_finalize_ranges (in /usr/lib/system/libsystem_c.dylib)
==63425==    by 0x1003FF411: exit (in /usr/lib/system/libsystem_c.dylib)
==63425==    by 0x1002FDCCF: start (in /usr/lib/system/libdyld.dylib)
==63425==    by 0x1: ???
==63425==    by 0x108113ACE: ???
==63425==    by 0x108113AFF: ???
==63425== 
==63425== Syscall param write(count) contains uninitialised byte(s)
==63425==    at 0x1005EDE66: write$NOCANCEL (in /usr/lib/system/libsystem_kernel.dylib)
==63425==    by 0x1003E536F: _swrite (in /usr/lib/system/libsystem_c.dylib)
==63425==    by 0x1003DE0C6: __sflush (in /usr/lib/system/libsystem_c.dylib)
==63425==    by 0x1003DE01B: fflush (in /usr/lib/system/libsystem_c.dylib)
==63425==    by 0x1007AC20A: std::__1::__stdoutbuf<char>::sync() (in /usr/lib/libc++.1.dylib)
==63425==    by 0x1007A24E8: std::__1::basic_ostream<char, std::__1::char_traits<char> >::flush() (in /usr/lib/libc++.1.dylib)
==63425==    by 0x1007AB889: std::__1::DoIOSInit::~DoIOSInit() (in /usr/lib/libc++.1.dylib)
==63425==    by 0x1003FF13B: __cxa_finalize_ranges (in /usr/lib/system/libsystem_c.dylib)
==63425==    by 0x1003FF411: exit (in /usr/lib/system/libsystem_c.dylib)
==63425==    by 0x1002FDCCF: start (in /usr/lib/system/libdyld.dylib)
==63425==    by 0x1: ???
==63425==    by 0x108113ACE: ???
==63425== 
==63425== Conditional jump or move depends on uninitialised value(s)
==63425==    at 0x1003DE0D8: __sflush (in /usr/lib/system/libsystem_c.dylib)
==63425==    by 0x1003DE01B: fflush (in /usr/lib/system/libsystem_c.dylib)
==63425==    by 0x1007AC20A: std::__1::__stdoutbuf<char>::sync() (in /usr/lib/libc++.1.dylib)
==63425==    by 0x1007A24E8: std::__1::basic_ostream<char, std::__1::char_traits<char> >::flush() (in /usr/lib/libc++.1.dylib)
==63425==    by 0x1007AB889: std::__1::DoIOSInit::~DoIOSInit() (in /usr/lib/libc++.1.dylib)
==63425==    by 0x1003FF13B: __cxa_finalize_ranges (in /usr/lib/system/libsystem_c.dylib)
==63425==    by 0x1003FF411: exit (in /usr/lib/system/libsystem_c.dylib)
==63425==    by 0x1002FDCCF: start (in /usr/lib/system/libdyld.dylib)
==63425==    by 0x1: ???
==63425==    by 0x108113ACE: ???
==63425==    by 0x108113AFF: ???
==63425== 
==63425== 
==63425== HEAP SUMMARY:
==63425==     in use at exit: 18,075 bytes in 163 blocks
==63425==   total heap usage: 203 allocs, 40 frees, 24,506 bytes allocated
==63425== 
==63425== 2,048 bytes in 1 blocks are still reachable in loss record 35 of 38
==63425==    at 0x100123545: malloc (in /Users/ilmira/.brew/Cellar/valgrind/HEAD-6049595/lib/valgrind/vgpreload_memcheck-amd64-darwin.so)
==63425==    by 0x100729079: objc::DenseMap<char const*, objc::detail::DenseSetEmpty, objc::DenseMapValueInfo<objc::detail::DenseSetEmpty>, objc::DenseMapInfo<char const*>, objc::detail::DenseSetPair<char const*> >::grow(unsigned int) (in /usr/lib/libobjc.A.dylib)
==63425==    by 0x10072900D: objc::detail::DenseSetPair<char const*>* objc::DenseMapBase<objc::DenseMap<char const*, objc::detail::DenseSetEmpty, objc::DenseMapValueInfo<objc::detail::DenseSetEmpty>, objc::DenseMapInfo<char const*>, objc::detail::DenseSetPair<char const*> >, char const*, objc::detail::DenseSetEmpty, objc::DenseMapValueInfo<objc::detail::DenseSetEmpty>, objc::DenseMapInfo<char const*>, objc::detail::DenseSetPair<char const*> >::InsertIntoBucketImpl<char const*>(char const* const&, char const* const&, objc::detail::DenseSetPair<char const*>*) (in /usr/lib/libobjc.A.dylib)
==63425==    by 0x10072CEC1: __sel_registerName(char const*, bool, bool) (in /usr/lib/libobjc.A.dylib)
==63425==    by 0x10071AD4B: fixupMethodList(method_list_t*, bool, bool) (in /usr/lib/libobjc.A.dylib)
==63425==    by 0x100710835: prepareMethodLists(objc_class*, method_list_t**, int, bool, bool) (in /usr/lib/libobjc.A.dylib)
==63425==    by 0x10072307C: realizeClassWithoutSwift(objc_class*, objc_class*) (in /usr/lib/libobjc.A.dylib)
==63425==    by 0x100722B7B: realizeClassWithoutSwift(objc_class*, objc_class*) (in /usr/lib/libobjc.A.dylib)
==63425==    by 0x100722B54: realizeClassWithoutSwift(objc_class*, objc_class*) (in /usr/lib/libobjc.A.dylib)
==63425==    by 0x100722B54: realizeClassWithoutSwift(objc_class*, objc_class*) (in /usr/lib/libobjc.A.dylib)
==63425==    by 0x100722B54: realizeClassWithoutSwift(objc_class*, objc_class*) (in /usr/lib/libobjc.A.dylib)
==63425==    by 0x10070EA1E: map_images_nolock (in /usr/lib/libobjc.A.dylib)
==63425== 
==63425== LEAK SUMMARY:
==63425==    definitely lost: 0 bytes in 0 blocks
==63425==    indirectly lost: 0 bytes in 0 blocks
==63425==      possibly lost: 0 bytes in 0 blocks
==63425==    still reachable: 2,048 bytes in 1 blocks
==63425==         suppressed: 16,027 bytes in 162 blocks
==63425== 
==63425== Use --track-origins=yes to see where uninitialised values come from
==63425== For lists of detected and suppressed errors, rerun with: -s
==63425== ERROR SUMMARY: 679 errors from 39 contexts (suppressed: 7 from 7)
