==62901== Memcheck, a memory error detector
==62901== Copyright (C) 2002-2017, and GNU GPL'd, by Julian Seward et al.
==62901== Using Valgrind-3.17.0.GIT and LibVEX; rerun with -h for copyright info
==62901== Command: /Users/ilmira/Desktop/json-c/tests/test_json_pointer /Users/ilmira/Desktop/json-c/tests
==62901== Parent PID: 62886
==62901== 
--62901-- run: /usr/bin/dsymutil "/Users/ilmira/Desktop/json-c/tests/test_json_pointer"
==62901== 
==62901== HEAP SUMMARY:
==62901==     in use at exit: 18,075 bytes in 163 blocks
==62901==   total heap usage: 586 allocs, 423 frees, 54,574 bytes allocated
==62901== 
==62901== 2,048 bytes in 1 blocks are still reachable in loss record 35 of 38
==62901==    at 0x100127545: malloc (in /Users/ilmira/.brew/Cellar/valgrind/HEAD-6049595/lib/valgrind/vgpreload_memcheck-amd64-darwin.so)
==62901==    by 0x10072D079: objc::DenseMap<char const*, objc::detail::DenseSetEmpty, objc::DenseMapValueInfo<objc::detail::DenseSetEmpty>, objc::DenseMapInfo<char const*>, objc::detail::DenseSetPair<char const*> >::grow(unsigned int) (in /usr/lib/libobjc.A.dylib)
==62901==    by 0x10072D00D: objc::detail::DenseSetPair<char const*>* objc::DenseMapBase<objc::DenseMap<char const*, objc::detail::DenseSetEmpty, objc::DenseMapValueInfo<objc::detail::DenseSetEmpty>, objc::DenseMapInfo<char const*>, objc::detail::DenseSetPair<char const*> >, char const*, objc::detail::DenseSetEmpty, objc::DenseMapValueInfo<objc::detail::DenseSetEmpty>, objc::DenseMapInfo<char const*>, objc::detail::DenseSetPair<char const*> >::InsertIntoBucketImpl<char const*>(char const* const&, char const* const&, objc::detail::DenseSetPair<char const*>*) (in /usr/lib/libobjc.A.dylib)
==62901==    by 0x100730EC1: __sel_registerName(char const*, bool, bool) (in /usr/lib/libobjc.A.dylib)
==62901==    by 0x10071ED4B: fixupMethodList(method_list_t*, bool, bool) (in /usr/lib/libobjc.A.dylib)
==62901==    by 0x100714835: prepareMethodLists(objc_class*, method_list_t**, int, bool, bool) (in /usr/lib/libobjc.A.dylib)
==62901==    by 0x10072707C: realizeClassWithoutSwift(objc_class*, objc_class*) (in /usr/lib/libobjc.A.dylib)
==62901==    by 0x100726B7B: realizeClassWithoutSwift(objc_class*, objc_class*) (in /usr/lib/libobjc.A.dylib)
==62901==    by 0x100726B54: realizeClassWithoutSwift(objc_class*, objc_class*) (in /usr/lib/libobjc.A.dylib)
==62901==    by 0x100726B54: realizeClassWithoutSwift(objc_class*, objc_class*) (in /usr/lib/libobjc.A.dylib)
==62901==    by 0x100726B54: realizeClassWithoutSwift(objc_class*, objc_class*) (in /usr/lib/libobjc.A.dylib)
==62901==    by 0x100712A1E: map_images_nolock (in /usr/lib/libobjc.A.dylib)
==62901== 
==62901== LEAK SUMMARY:
==62901==    definitely lost: 0 bytes in 0 blocks
==62901==    indirectly lost: 0 bytes in 0 blocks
==62901==      possibly lost: 0 bytes in 0 blocks
==62901==    still reachable: 2,048 bytes in 1 blocks
==62901==         suppressed: 16,027 bytes in 162 blocks
==62901== 
==62901== For lists of detected and suppressed errors, rerun with: -s
==62901== ERROR SUMMARY: 0 errors from 0 contexts (suppressed: 7 from 7)
