==62335== Memcheck, a memory error detector
==62335== Copyright (C) 2002-2017, and GNU GPL'd, by Julian Seward et al.
==62335== Using Valgrind-3.17.0.GIT and LibVEX; rerun with -h for copyright info
==62335== Command: /Users/ilmira/Desktop/json-c/tests/test_cast /Users/ilmira/Desktop/json-c/tests
==62335== Parent PID: 62320
==62335== 
--62335-- run: /usr/bin/dsymutil "/Users/ilmira/Desktop/json-c/tests/test_cast"
==62335== 
==62335== HEAP SUMMARY:
==62335==     in use at exit: 18,223 bytes in 166 blocks
==62335==   total heap usage: 247 allocs, 81 frees, 29,624 bytes allocated
==62335== 
==62335== 32 bytes in 1 blocks are still reachable in loss record 14 of 41
==62335==    at 0x100123545: malloc (in /Users/ilmira/.brew/Cellar/valgrind/HEAD-6049595/lib/valgrind/vgpreload_memcheck-amd64-darwin.so)
==62335==    by 0x1003C371F: __Balloc_D2A (in /usr/lib/system/libsystem_c.dylib)
==62335==    by 0x1003C088D: __rv_alloc_D2A (in /usr/lib/system/libsystem_c.dylib)
==62335==    by 0x1003C0D93: __dtoa (in /usr/lib/system/libsystem_c.dylib)
==62335==    by 0x1003E72DD: __vfprintf (in /usr/lib/system/libsystem_c.dylib)
==62335==    by 0x10040DAD2: __v2printf (in /usr/lib/system/libsystem_c.dylib)
==62335==    by 0x1003E62B1: vfprintf_l (in /usr/lib/system/libsystem_c.dylib)
==62335==    by 0x1003E441D: printf (in /usr/lib/system/libsystem_c.dylib)
==62335==    by 0x10000390F: getit (test_cast.c:94)
==62335==    by 0x100003644: main (test_cast.c:49)
==62335== 
==62335== 36 bytes in 1 blocks are still reachable in loss record 15 of 41
==62335==    at 0x100123545: malloc (in /Users/ilmira/.brew/Cellar/valgrind/HEAD-6049595/lib/valgrind/vgpreload_memcheck-amd64-darwin.so)
==62335==    by 0x1003C371F: __Balloc_D2A (in /usr/lib/system/libsystem_c.dylib)
==62335==    by 0x1003C3EFC: __d2b_D2A (in /usr/lib/system/libsystem_c.dylib)
==62335==    by 0x1003C0B61: __dtoa (in /usr/lib/system/libsystem_c.dylib)
==62335==    by 0x1003E72DD: __vfprintf (in /usr/lib/system/libsystem_c.dylib)
==62335==    by 0x10040DAD2: __v2printf (in /usr/lib/system/libsystem_c.dylib)
==62335==    by 0x1003E62B1: vfprintf_l (in /usr/lib/system/libsystem_c.dylib)
==62335==    by 0x1003E441D: printf (in /usr/lib/system/libsystem_c.dylib)
==62335==    by 0x10000390F: getit (test_cast.c:94)
==62335==    by 0x100003644: main (test_cast.c:49)
==62335== 
==62335== 80 bytes in 1 blocks are still reachable in loss record 21 of 41
==62335==    at 0x100123545: malloc (in /Users/ilmira/.brew/Cellar/valgrind/HEAD-6049595/lib/valgrind/vgpreload_memcheck-amd64-darwin.so)
==62335==    by 0x1003C369F: __Balloc_D2A (in /usr/lib/system/libsystem_c.dylib)
==62335==    by 0x1003C3EFC: __d2b_D2A (in /usr/lib/system/libsystem_c.dylib)
==62335==    by 0x1003C0B61: __dtoa (in /usr/lib/system/libsystem_c.dylib)
==62335==    by 0x1003E72DD: __vfprintf (in /usr/lib/system/libsystem_c.dylib)
==62335==    by 0x10040DAD2: __v2printf (in /usr/lib/system/libsystem_c.dylib)
==62335==    by 0x1003E62B1: vfprintf_l (in /usr/lib/system/libsystem_c.dylib)
==62335==    by 0x1003E441D: printf (in /usr/lib/system/libsystem_c.dylib)
==62335==    by 0x10000390F: getit (test_cast.c:94)
==62335==    by 0x100003644: main (test_cast.c:49)
==62335== 
==62335== 2,048 bytes in 1 blocks are still reachable in loss record 38 of 41
==62335==    at 0x100123545: malloc (in /Users/ilmira/.brew/Cellar/valgrind/HEAD-6049595/lib/valgrind/vgpreload_memcheck-amd64-darwin.so)
==62335==    by 0x100729079: objc::DenseMap<char const*, objc::detail::DenseSetEmpty, objc::DenseMapValueInfo<objc::detail::DenseSetEmpty>, objc::DenseMapInfo<char const*>, objc::detail::DenseSetPair<char const*> >::grow(unsigned int) (in /usr/lib/libobjc.A.dylib)
==62335==    by 0x10072900D: objc::detail::DenseSetPair<char const*>* objc::DenseMapBase<objc::DenseMap<char const*, objc::detail::DenseSetEmpty, objc::DenseMapValueInfo<objc::detail::DenseSetEmpty>, objc::DenseMapInfo<char const*>, objc::detail::DenseSetPair<char const*> >, char const*, objc::detail::DenseSetEmpty, objc::DenseMapValueInfo<objc::detail::DenseSetEmpty>, objc::DenseMapInfo<char const*>, objc::detail::DenseSetPair<char const*> >::InsertIntoBucketImpl<char const*>(char const* const&, char const* const&, objc::detail::DenseSetPair<char const*>*) (in /usr/lib/libobjc.A.dylib)
==62335==    by 0x10072CEC1: __sel_registerName(char const*, bool, bool) (in /usr/lib/libobjc.A.dylib)
==62335==    by 0x10071AD4B: fixupMethodList(method_list_t*, bool, bool) (in /usr/lib/libobjc.A.dylib)
==62335==    by 0x100710835: prepareMethodLists(objc_class*, method_list_t**, int, bool, bool) (in /usr/lib/libobjc.A.dylib)
==62335==    by 0x10072307C: realizeClassWithoutSwift(objc_class*, objc_class*) (in /usr/lib/libobjc.A.dylib)
==62335==    by 0x100722B7B: realizeClassWithoutSwift(objc_class*, objc_class*) (in /usr/lib/libobjc.A.dylib)
==62335==    by 0x100722B54: realizeClassWithoutSwift(objc_class*, objc_class*) (in /usr/lib/libobjc.A.dylib)
==62335==    by 0x100722B54: realizeClassWithoutSwift(objc_class*, objc_class*) (in /usr/lib/libobjc.A.dylib)
==62335==    by 0x100722B54: realizeClassWithoutSwift(objc_class*, objc_class*) (in /usr/lib/libobjc.A.dylib)
==62335==    by 0x10070EA1E: map_images_nolock (in /usr/lib/libobjc.A.dylib)
==62335== 
==62335== LEAK SUMMARY:
==62335==    definitely lost: 0 bytes in 0 blocks
==62335==    indirectly lost: 0 bytes in 0 blocks
==62335==      possibly lost: 0 bytes in 0 blocks
==62335==    still reachable: 2,196 bytes in 4 blocks
==62335==         suppressed: 16,027 bytes in 162 blocks
==62335== 
==62335== For lists of detected and suppressed errors, rerun with: -s
==62335== ERROR SUMMARY: 0 errors from 0 contexts (suppressed: 7 from 7)
