==62861== Memcheck, a memory error detector
==62861== Copyright (C) 2002-2017, and GNU GPL'd, by Julian Seward et al.
==62861== Using Valgrind-3.17.0.GIT and LibVEX; rerun with -h for copyright info
==62861== Command: /Users/ilmira/Desktop/json-c/tests/test_float /Users/ilmira/Desktop/json-c/tests
==62861== Parent PID: 62846
==62861== 
--62861-- run: /usr/bin/dsymutil "/Users/ilmira/Desktop/json-c/tests/test_float"
==62861== 
==62861== HEAP SUMMARY:
==62861==     in use at exit: 18,507 bytes in 174 blocks
==62861==   total heap usage: 203 allocs, 29 frees, 23,731 bytes allocated
==62861== 
==62861== 8 bytes in 1 blocks are still reachable in loss record 1 of 49
==62861==    at 0x100123545: malloc (in /Users/ilmira/.brew/Cellar/valgrind/HEAD-6049595/lib/valgrind/vgpreload_memcheck-amd64-darwin.so)
==62861==    by 0x1002F012F: tlv_allocate_and_initialize_for_key (in /usr/lib/system/libdyld.dylib)
==62861==    by 0x1002EFF67: tlv_get_addr (in /usr/lib/system/libdyld.dylib)
==62861==    by 0x100135976: json_object_double_to_json_string_format (json_object.c:1035)
==62861==    by 0x100133A7D: json_object_double_to_json_string_default (json_object.c:1101)
==62861==    by 0x100134203: json_object_to_json_string_length (json_object.c:458)
==62861==    by 0x10013427E: json_object_to_json_string_ext (json_object.c:472)
==62861==    by 0x100003DFD: main (test_float.c:12)
==62861== 
==62861== 32 bytes in 1 blocks are still reachable in loss record 15 of 49
==62861==    at 0x100123545: malloc (in /Users/ilmira/.brew/Cellar/valgrind/HEAD-6049595/lib/valgrind/vgpreload_memcheck-amd64-darwin.so)
==62861==    by 0x1003C371F: __Balloc_D2A (in /usr/lib/system/libsystem_c.dylib)
==62861==    by 0x1003C088D: __rv_alloc_D2A (in /usr/lib/system/libsystem_c.dylib)
==62861==    by 0x1003C0D93: __dtoa (in /usr/lib/system/libsystem_c.dylib)
==62861==    by 0x1003E72DD: __vfprintf (in /usr/lib/system/libsystem_c.dylib)
==62861==    by 0x10040DAD2: __v2printf (in /usr/lib/system/libsystem_c.dylib)
==62861==    by 0x1003F3EE6: _vsnprintf (in /usr/lib/system/libsystem_c.dylib)
==62861==    by 0x1003F3F8F: vsnprintf (in /usr/lib/system/libsystem_c.dylib)
==62861==    by 0x1004224B7: __snprintf_chk (in /usr/lib/system/libsystem_c.dylib)
==62861==    by 0x100135A02: json_object_double_to_json_string_format (json_object.c:1044)
==62861==    by 0x100133A7D: json_object_double_to_json_string_default (json_object.c:1101)
==62861==    by 0x100134203: json_object_to_json_string_length (json_object.c:458)
==62861== 
==62861== 36 bytes in 1 blocks are still reachable in loss record 16 of 49
==62861==    at 0x100123545: malloc (in /Users/ilmira/.brew/Cellar/valgrind/HEAD-6049595/lib/valgrind/vgpreload_memcheck-amd64-darwin.so)
==62861==    by 0x1003C371F: __Balloc_D2A (in /usr/lib/system/libsystem_c.dylib)
==62861==    by 0x1003C3EFC: __d2b_D2A (in /usr/lib/system/libsystem_c.dylib)
==62861==    by 0x1003C0B61: __dtoa (in /usr/lib/system/libsystem_c.dylib)
==62861==    by 0x1003E72DD: __vfprintf (in /usr/lib/system/libsystem_c.dylib)
==62861==    by 0x10040DAD2: __v2printf (in /usr/lib/system/libsystem_c.dylib)
==62861==    by 0x1003F3EE6: _vsnprintf (in /usr/lib/system/libsystem_c.dylib)
==62861==    by 0x1003F3F8F: vsnprintf (in /usr/lib/system/libsystem_c.dylib)
==62861==    by 0x1004224B7: __snprintf_chk (in /usr/lib/system/libsystem_c.dylib)
==62861==    by 0x100135A02: json_object_double_to_json_string_format (json_object.c:1044)
==62861==    by 0x100133A7D: json_object_double_to_json_string_default (json_object.c:1101)
==62861==    by 0x100134203: json_object_to_json_string_length (json_object.c:458)
==62861== 
==62861== 36 bytes in 1 blocks are still reachable in loss record 17 of 49
==62861==    at 0x100123545: malloc (in /Users/ilmira/.brew/Cellar/valgrind/HEAD-6049595/lib/valgrind/vgpreload_memcheck-amd64-darwin.so)
==62861==    by 0x1003C371F: __Balloc_D2A (in /usr/lib/system/libsystem_c.dylib)
==62861==    by 0x1003C397F: __i2b_D2A (in /usr/lib/system/libsystem_c.dylib)
==62861==    by 0x1003C1280: __dtoa (in /usr/lib/system/libsystem_c.dylib)
==62861==    by 0x1003E72DD: __vfprintf (in /usr/lib/system/libsystem_c.dylib)
==62861==    by 0x10040DAD2: __v2printf (in /usr/lib/system/libsystem_c.dylib)
==62861==    by 0x1003F3EE6: _vsnprintf (in /usr/lib/system/libsystem_c.dylib)
==62861==    by 0x1003F3F8F: vsnprintf (in /usr/lib/system/libsystem_c.dylib)
==62861==    by 0x1004224B7: __snprintf_chk (in /usr/lib/system/libsystem_c.dylib)
==62861==    by 0x100135A02: json_object_double_to_json_string_format (json_object.c:1044)
==62861==    by 0x100133A7D: json_object_double_to_json_string_default (json_object.c:1101)
==62861==    by 0x100134203: json_object_to_json_string_length (json_object.c:458)
==62861== 
==62861== 36 bytes in 1 blocks are still reachable in loss record 18 of 49
==62861==    at 0x100123545: malloc (in /Users/ilmira/.brew/Cellar/valgrind/HEAD-6049595/lib/valgrind/vgpreload_memcheck-amd64-darwin.so)
==62861==    by 0x1003C371F: __Balloc_D2A (in /usr/lib/system/libsystem_c.dylib)
==62861==    by 0x1003C3B0D: __pow5mult_D2A (in /usr/lib/system/libsystem_c.dylib)
==62861==    by 0x1003C128E: __dtoa (in /usr/lib/system/libsystem_c.dylib)
==62861==    by 0x1003E72DD: __vfprintf (in /usr/lib/system/libsystem_c.dylib)
==62861==    by 0x10040DAD2: __v2printf (in /usr/lib/system/libsystem_c.dylib)
==62861==    by 0x1003F3EE6: _vsnprintf (in /usr/lib/system/libsystem_c.dylib)
==62861==    by 0x1003F3F8F: vsnprintf (in /usr/lib/system/libsystem_c.dylib)
==62861==    by 0x1004224B7: __snprintf_chk (in /usr/lib/system/libsystem_c.dylib)
==62861==    by 0x100135A02: json_object_double_to_json_string_format (json_object.c:1044)
==62861==    by 0x100133A7D: json_object_double_to_json_string_default (json_object.c:1101)
==62861==    by 0x100134203: json_object_to_json_string_length (json_object.c:458)
==62861== 
==62861== 36 bytes in 1 blocks are still reachable in loss record 19 of 49
==62861==    at 0x100123545: malloc (in /Users/ilmira/.brew/Cellar/valgrind/HEAD-6049595/lib/valgrind/vgpreload_memcheck-amd64-darwin.so)
==62861==    by 0x1003C371F: __Balloc_D2A (in /usr/lib/system/libsystem_c.dylib)
==62861==    by 0x1003C39D8: __mult_D2A (in /usr/lib/system/libsystem_c.dylib)
==62861==    by 0x1003C3B8B: __pow5mult_D2A (in /usr/lib/system/libsystem_c.dylib)
==62861==    by 0x1003C128E: __dtoa (in /usr/lib/system/libsystem_c.dylib)
==62861==    by 0x1003E72DD: __vfprintf (in /usr/lib/system/libsystem_c.dylib)
==62861==    by 0x10040DAD2: __v2printf (in /usr/lib/system/libsystem_c.dylib)
==62861==    by 0x1003F3EE6: _vsnprintf (in /usr/lib/system/libsystem_c.dylib)
==62861==    by 0x1003F3F8F: vsnprintf (in /usr/lib/system/libsystem_c.dylib)
==62861==    by 0x1004224B7: __snprintf_chk (in /usr/lib/system/libsystem_c.dylib)
==62861==    by 0x100135A02: json_object_double_to_json_string_format (json_object.c:1044)
==62861==    by 0x100133A7D: json_object_double_to_json_string_default (json_object.c:1101)
==62861== 
==62861== 36 bytes in 1 blocks are still reachable in loss record 20 of 49
==62861==    at 0x100123545: malloc (in /Users/ilmira/.brew/Cellar/valgrind/HEAD-6049595/lib/valgrind/vgpreload_memcheck-amd64-darwin.so)
==62861==    by 0x1003C371F: __Balloc_D2A (in /usr/lib/system/libsystem_c.dylib)
==62861==    by 0x1003C39D8: __mult_D2A (in /usr/lib/system/libsystem_c.dylib)
==62861==    by 0x1003C3B53: __pow5mult_D2A (in /usr/lib/system/libsystem_c.dylib)
==62861==    by 0x1003C128E: __dtoa (in /usr/lib/system/libsystem_c.dylib)
==62861==    by 0x1003E72DD: __vfprintf (in /usr/lib/system/libsystem_c.dylib)
==62861==    by 0x10040DAD2: __v2printf (in /usr/lib/system/libsystem_c.dylib)
==62861==    by 0x1003F3EE6: _vsnprintf (in /usr/lib/system/libsystem_c.dylib)
==62861==    by 0x1003F3F8F: vsnprintf (in /usr/lib/system/libsystem_c.dylib)
==62861==    by 0x1004224B7: __snprintf_chk (in /usr/lib/system/libsystem_c.dylib)
==62861==    by 0x100135A02: json_object_double_to_json_string_format (json_object.c:1044)
==62861==    by 0x100133A7D: json_object_double_to_json_string_default (json_object.c:1101)
==62861== 
==62861== 44 bytes in 1 blocks are still reachable in loss record 21 of 49
==62861==    at 0x100123545: malloc (in /Users/ilmira/.brew/Cellar/valgrind/HEAD-6049595/lib/valgrind/vgpreload_memcheck-amd64-darwin.so)
==62861==    by 0x1003C371F: __Balloc_D2A (in /usr/lib/system/libsystem_c.dylib)
==62861==    by 0x1003C3BF9: __lshift_D2A (in /usr/lib/system/libsystem_c.dylib)
==62861==    by 0x1003C1373: __dtoa (in /usr/lib/system/libsystem_c.dylib)
==62861==    by 0x1003E72DD: __vfprintf (in /usr/lib/system/libsystem_c.dylib)
==62861==    by 0x10040DAD2: __v2printf (in /usr/lib/system/libsystem_c.dylib)
==62861==    by 0x1003F3EE6: _vsnprintf (in /usr/lib/system/libsystem_c.dylib)
==62861==    by 0x1003F3F8F: vsnprintf (in /usr/lib/system/libsystem_c.dylib)
==62861==    by 0x1004224B7: __snprintf_chk (in /usr/lib/system/libsystem_c.dylib)
==62861==    by 0x100135A02: json_object_double_to_json_string_format (json_object.c:1044)
==62861==    by 0x100133A7D: json_object_double_to_json_string_default (json_object.c:1101)
==62861==    by 0x100134203: json_object_to_json_string_length (json_object.c:458)
==62861== 
==62861== 44 bytes in 1 blocks are still reachable in loss record 22 of 49
==62861==    at 0x100123545: malloc (in /Users/ilmira/.brew/Cellar/valgrind/HEAD-6049595/lib/valgrind/vgpreload_memcheck-amd64-darwin.so)
==62861==    by 0x1003C371F: __Balloc_D2A (in /usr/lib/system/libsystem_c.dylib)
==62861==    by 0x1003C3BF9: __lshift_D2A (in /usr/lib/system/libsystem_c.dylib)
==62861==    by 0x1003C1387: __dtoa (in /usr/lib/system/libsystem_c.dylib)
==62861==    by 0x1003E72DD: __vfprintf (in /usr/lib/system/libsystem_c.dylib)
==62861==    by 0x10040DAD2: __v2printf (in /usr/lib/system/libsystem_c.dylib)
==62861==    by 0x1003F3EE6: _vsnprintf (in /usr/lib/system/libsystem_c.dylib)
==62861==    by 0x1003F3F8F: vsnprintf (in /usr/lib/system/libsystem_c.dylib)
==62861==    by 0x1004224B7: __snprintf_chk (in /usr/lib/system/libsystem_c.dylib)
==62861==    by 0x100135A02: json_object_double_to_json_string_format (json_object.c:1044)
==62861==    by 0x100133A7D: json_object_double_to_json_string_default (json_object.c:1101)
==62861==    by 0x100134203: json_object_to_json_string_length (json_object.c:458)
==62861== 
==62861== 44 bytes in 1 blocks are still reachable in loss record 23 of 49
==62861==    at 0x100123545: malloc (in /Users/ilmira/.brew/Cellar/valgrind/HEAD-6049595/lib/valgrind/vgpreload_memcheck-amd64-darwin.so)
==62861==    by 0x1003C371F: __Balloc_D2A (in /usr/lib/system/libsystem_c.dylib)
==62861==    by 0x1003C3BF9: __lshift_D2A (in /usr/lib/system/libsystem_c.dylib)
==62861==    by 0x1003C172D: __dtoa (in /usr/lib/system/libsystem_c.dylib)
==62861==    by 0x1003E72DD: __vfprintf (in /usr/lib/system/libsystem_c.dylib)
==62861==    by 0x10040DAD2: __v2printf (in /usr/lib/system/libsystem_c.dylib)
==62861==    by 0x1003F3EE6: _vsnprintf (in /usr/lib/system/libsystem_c.dylib)
==62861==    by 0x1003F3F8F: vsnprintf (in /usr/lib/system/libsystem_c.dylib)
==62861==    by 0x1004224B7: __snprintf_chk (in /usr/lib/system/libsystem_c.dylib)
==62861==    by 0x100135A02: json_object_double_to_json_string_format (json_object.c:1044)
==62861==    by 0x100133A7D: json_object_double_to_json_string_default (json_object.c:1101)
==62861==    by 0x100134203: json_object_to_json_string_length (json_object.c:458)
==62861== 
==62861== 80 bytes in 1 blocks are still reachable in loss record 29 of 49
==62861==    at 0x100123545: malloc (in /Users/ilmira/.brew/Cellar/valgrind/HEAD-6049595/lib/valgrind/vgpreload_memcheck-amd64-darwin.so)
==62861==    by 0x1003C369F: __Balloc_D2A (in /usr/lib/system/libsystem_c.dylib)
==62861==    by 0x1003C3EFC: __d2b_D2A (in /usr/lib/system/libsystem_c.dylib)
==62861==    by 0x1003C0B61: __dtoa (in /usr/lib/system/libsystem_c.dylib)
==62861==    by 0x1003E72DD: __vfprintf (in /usr/lib/system/libsystem_c.dylib)
==62861==    by 0x10040DAD2: __v2printf (in /usr/lib/system/libsystem_c.dylib)
==62861==    by 0x1003F3EE6: _vsnprintf (in /usr/lib/system/libsystem_c.dylib)
==62861==    by 0x1003F3F8F: vsnprintf (in /usr/lib/system/libsystem_c.dylib)
==62861==    by 0x1004224B7: __snprintf_chk (in /usr/lib/system/libsystem_c.dylib)
==62861==    by 0x100135A02: json_object_double_to_json_string_format (json_object.c:1044)
==62861==    by 0x100133A7D: json_object_double_to_json_string_default (json_object.c:1101)
==62861==    by 0x100134203: json_object_to_json_string_length (json_object.c:458)
==62861== 
==62861== 2,048 bytes in 1 blocks are still reachable in loss record 46 of 49
==62861==    at 0x100123545: malloc (in /Users/ilmira/.brew/Cellar/valgrind/HEAD-6049595/lib/valgrind/vgpreload_memcheck-amd64-darwin.so)
==62861==    by 0x100729079: objc::DenseMap<char const*, objc::detail::DenseSetEmpty, objc::DenseMapValueInfo<objc::detail::DenseSetEmpty>, objc::DenseMapInfo<char const*>, objc::detail::DenseSetPair<char const*> >::grow(unsigned int) (in /usr/lib/libobjc.A.dylib)
==62861==    by 0x10072900D: objc::detail::DenseSetPair<char const*>* objc::DenseMapBase<objc::DenseMap<char const*, objc::detail::DenseSetEmpty, objc::DenseMapValueInfo<objc::detail::DenseSetEmpty>, objc::DenseMapInfo<char const*>, objc::detail::DenseSetPair<char const*> >, char const*, objc::detail::DenseSetEmpty, objc::DenseMapValueInfo<objc::detail::DenseSetEmpty>, objc::DenseMapInfo<char const*>, objc::detail::DenseSetPair<char const*> >::InsertIntoBucketImpl<char const*>(char const* const&, char const* const&, objc::detail::DenseSetPair<char const*>*) (in /usr/lib/libobjc.A.dylib)
==62861==    by 0x10072CEC1: __sel_registerName(char const*, bool, bool) (in /usr/lib/libobjc.A.dylib)
==62861==    by 0x10071AD4B: fixupMethodList(method_list_t*, bool, bool) (in /usr/lib/libobjc.A.dylib)
==62861==    by 0x100710835: prepareMethodLists(objc_class*, method_list_t**, int, bool, bool) (in /usr/lib/libobjc.A.dylib)
==62861==    by 0x10072307C: realizeClassWithoutSwift(objc_class*, objc_class*) (in /usr/lib/libobjc.A.dylib)
==62861==    by 0x100722B7B: realizeClassWithoutSwift(objc_class*, objc_class*) (in /usr/lib/libobjc.A.dylib)
==62861==    by 0x100722B54: realizeClassWithoutSwift(objc_class*, objc_class*) (in /usr/lib/libobjc.A.dylib)
==62861==    by 0x100722B54: realizeClassWithoutSwift(objc_class*, objc_class*) (in /usr/lib/libobjc.A.dylib)
==62861==    by 0x100722B54: realizeClassWithoutSwift(objc_class*, objc_class*) (in /usr/lib/libobjc.A.dylib)
==62861==    by 0x10070EA1E: map_images_nolock (in /usr/lib/libobjc.A.dylib)
==62861== 
==62861== LEAK SUMMARY:
==62861==    definitely lost: 0 bytes in 0 blocks
==62861==    indirectly lost: 0 bytes in 0 blocks
==62861==      possibly lost: 0 bytes in 0 blocks
==62861==    still reachable: 2,480 bytes in 12 blocks
==62861==         suppressed: 16,027 bytes in 162 blocks
==62861== 
==62861== For lists of detected and suppressed errors, rerun with: -s
==62861== ERROR SUMMARY: 0 errors from 0 contexts (suppressed: 7 from 7)
