==61840== Memcheck, a memory error detector
==61840== Copyright (C) 2002-2017, and GNU GPL'd, by Julian Seward et al.
==61840== Using Valgrind-3.17.0.GIT and LibVEX; rerun with -h for copyright info
==61840== Command: /Users/ilmira/Desktop/json-c/tests/test2Formatted pretty
==61840== Parent PID: 61533
==61840== 
==61840== 
==61840== HEAP SUMMARY:
==61840==     in use at exit: 18,075 bytes in 163 blocks
==61840==   total heap usage: 246 allocs, 83 frees, 30,795 bytes allocated
==61840== 
==61840== 2,048 bytes in 1 blocks are still reachable in loss record 35 of 38
==61840==    at 0x100123545: malloc (in /Users/ilmira/.brew/Cellar/valgrind/HEAD-6049595/lib/valgrind/vgpreload_memcheck-amd64-darwin.so)
==61840==    by 0x100729079: objc::DenseMap<char const*, objc::detail::DenseSetEmpty, objc::DenseMapValueInfo<objc::detail::DenseSetEmpty>, objc::DenseMapInfo<char const*>, objc::detail::DenseSetPair<char const*> >::grow(unsigned int) (in /usr/lib/libobjc.A.dylib)
==61840==    by 0x10072900D: objc::detail::DenseSetPair<char const*>* objc::DenseMapBase<objc::DenseMap<char const*, objc::detail::DenseSetEmpty, objc::DenseMapValueInfo<objc::detail::DenseSetEmpty>, objc::DenseMapInfo<char const*>, objc::detail::DenseSetPair<char const*> >, char const*, objc::detail::DenseSetEmpty, objc::DenseMapValueInfo<objc::detail::DenseSetEmpty>, objc::DenseMapInfo<char const*>, objc::detail::DenseSetPair<char const*> >::InsertIntoBucketImpl<char const*>(char const* const&, char const* const&, objc::detail::DenseSetPair<char const*>*) (in /usr/lib/libobjc.A.dylib)
==61840==    by 0x10072CEC1: __sel_registerName(char const*, bool, bool) (in /usr/lib/libobjc.A.dylib)
==61840==    by 0x10071AD4B: fixupMethodList(method_list_t*, bool, bool) (in /usr/lib/libobjc.A.dylib)
==61840==    by 0x100710835: prepareMethodLists(objc_class*, method_list_t**, int, bool, bool) (in /usr/lib/libobjc.A.dylib)
==61840==    by 0x10072307C: realizeClassWithoutSwift(objc_class*, objc_class*) (in /usr/lib/libobjc.A.dylib)
==61840==    by 0x100722B7B: realizeClassWithoutSwift(objc_class*, objc_class*) (in /usr/lib/libobjc.A.dylib)
==61840==    by 0x100722B54: realizeClassWithoutSwift(objc_class*, objc_class*) (in /usr/lib/libobjc.A.dylib)
==61840==    by 0x100722B54: realizeClassWithoutSwift(objc_class*, objc_class*) (in /usr/lib/libobjc.A.dylib)
==61840==    by 0x100722B54: realizeClassWithoutSwift(objc_class*, objc_class*) (in /usr/lib/libobjc.A.dylib)
==61840==    by 0x10070EA1E: map_images_nolock (in /usr/lib/libobjc.A.dylib)
==61840== 
==61840== LEAK SUMMARY:
==61840==    definitely lost: 0 bytes in 0 blocks
==61840==    indirectly lost: 0 bytes in 0 blocks
==61840==      possibly lost: 0 bytes in 0 blocks
==61840==    still reachable: 2,048 bytes in 1 blocks
==61840==         suppressed: 16,027 bytes in 162 blocks
==61840== 
==61840== For lists of detected and suppressed errors, rerun with: -s
==61840== ERROR SUMMARY: 0 errors from 0 contexts (suppressed: 7 from 7)
